[     697ms] [INFO] %cDownload the React DevTools for a better development experience: https://react.dev/link/react-devtools font-weight:bold @ webpack-internal:///(app-pages-browser)/./node_modules/.pnpm/next@15.5.21_@opentelemetry+api@1.9.1_@playwright+test@1.60.0_@types+node@22.19.19_reac_f57555baa6effde8efe1c7733fc2c924/node_modules/next/dist/compiled/react-dom/cjs/react-dom-client.development.js:25630
[ 1497482ms] [LOG] [Fast Refresh] rebuilding @ webpack-internal:///(app-pages-browser)/./node_modules/.pnpm/next@15.5.21_@opentelemetry+api@1.9.1_@playwright+test@1.60.0_@types+node@22.19.19_reac_f57555baa6effde8efe1c7733fc2c924/node_modules/next/dist/client/dev/hot-reloader/app/hot-reloader-app.js:196
[ 1501642ms] [ERROR] ./components/landing/EstimateCtas.tsx
Error:   × Merge conflict marker encountered.
    ╭─[/workspace/components/landing/EstimateCtas.tsx:31:1]
 28 │   }
 29 │ 
 30 │   return (
 31 │ <<<<<<< HEAD
    · ───────
 32 │     <div className={className}>
 33 │       <div className="flex flex-col sm:flex-row items-stretch sm:items-start gap-3">
 34 │         <div className="flex flex-1 flex-col gap-1">
    ╰────
  × Unexpected token. Did you mean `{'>'}` or `&gt;`?
    ╭─[/workspace/components/landing/EstimateCtas.tsx:84:1]
 81 │         >
 82 │           {HERO_COPY.estimateCta}
 83 │         </Button>
 84 │ >>>>>>> origin/main
    · ▲
 85 │       </div>
 86 │       <p className="mt-3 text-xs text-muted-foreground">{HERO_COPY.estimateHint}</p>
 87 │     </div>
    ╰────
  × Unexpected token. Did you mean `{'>'}` or `&gt;`?
    ╭─[/workspace/components/landing/EstimateCtas.tsx:84:1]
 81 │         >
 82 │           {HERO_COPY.estimateCta}
 83 │         </Button>
 84 │ >>>>>>> origin/main
    ·  ▲
 85 │       </div>
 86 │       <p className="mt-3 text-xs text-muted-foreground">{HERO_COPY.estimateHint}</p>
 87 │     </div>
    ╰────
  × Unexpected token. Did you mean `{'>'}` or `&gt;`?
    ╭─[/workspace/components/landing/EstimateCtas.tsx:84:1]
 81 │         >
 82 │           {HERO_COPY.estimateCta}
 83 │         </Button>
 84 │ >>>>>>> origin/main
    ·   ▲
 85 │       </div>
 86 │       <p className="mt-3 text-xs text-muted-foreground">{HERO_COPY.estimateHint}</p>
 87 │     </div>
    ╰────
  × Unexpected token. Did you mean `{'>'}` or `&gt;`?
    ╭─[/workspace/components/landing/EstimateCtas.tsx:84:1]
 81 │         >
 82 │           {HERO_COPY.estimateCta}
 83 │         </Button>
 84 │ >>>>>>> origin/main
    ·    ▲
 85 │       </div>
 86 │       <p className="mt-3 text-xs text-muted-foreground">{HERO_COPY.estimateHint}</p>
 87 │     </div>
    ╰────
  × Unexpected token. Did you mean `{'>'}` or `&gt;`?
    ╭─[/workspace/components/landing/EstimateCtas.tsx:84:1]
 81 │         >
 82 │           {HERO_COPY.estimateCta}
 83 │         </Button>
 84 │ >>>>>>> origin/main
    ·     ▲
 85 │       </div>
 86 │       <p className="mt-3 text-xs text-muted-foreground">{HERO_COPY.estimateHint}</p>
 87 │     </div>
    ╰────
  × Unexpected token. Did you mean `{'>'}` or `&gt;`?
    ╭─[/workspace/components/landing/EstimateCtas.tsx:84:1]
 81 │         >
 82 │           {HERO_COPY.estimateCta}
 83 │         </Button>
 84 │ >>>>>>> origin/main
    ·      ▲
 85 │       </div>
 86 │       <p className="mt-3 text-xs text-muted-foreground">{HERO_COPY.estimateHint}</p>
 87 │     </div>
    ╰────
  × Unexpected token. Did you mean `{'>'}` or `&gt;`?
    ╭─[/workspace/components/landing/EstimateCtas.tsx:84:1]
 81 │         >
 82 │           {HERO_COPY.estimateCta}
 83 │         </Button>
 84 │ >>>>>>> origin/main
    ·       ▲
 85 │       </div>
 86 │       <p className="mt-3 text-xs text-muted-foreground">{HERO_COPY.estimateHint}</p>
 87 │     </div>
    ╰────
  × Unexpected token. Did you mean `{'}'}` or `&rbrace;`?
    ╭─[/workspace/components/landing/EstimateCtas.tsx:89:1]
 86 │       <p className="mt-3 text-xs text-muted-foreground">{HERO_COPY.estimateHint}</p>
 87 │     </div>
 88 │   );
 89 │ }
    · ▲
    ╰────
  × Unexpected eof
    ╭─[/workspace/components/landing/EstimateCtas.tsx:89:3]
 87 │     </div>
 88 │   );
 89 │ }
    ╰────

Caused by:
    Syntax Error

Import trace for requested module:
./components/landing/EstimateCtas.tsx
./components/landing/FinalCTA.tsx @ webpack-internal:///(app-pages-browser)/./node_modules/.pnpm/next@15.5.21_@opentelemetry+api@1.9.1_@playwright+test@1.60.0_@types+node@22.19.19_reac_f57555baa6effde8efe1c7733fc2c924/node_modules/next/dist/next-devtools/userspace/app/errors/intercept-console-error.js:56
[ 1501646ms] [ERROR] ./components/landing/EstimateCtas.tsx
Error:   × Merge conflict marker encountered.
    ╭─[/workspace/components/landing/EstimateCtas.tsx:31:1]
 28 │   }
 29 │ 
 30 │   return (
 31 │ <<<<<<< HEAD
    · ───────
 32 │     <div className={className}>
 33 │       <div className="flex flex-col sm:flex-row items-stretch sm:items-start gap-3">
 34 │         <div className="flex flex-1 flex-col gap-1">
    ╰────
  × Unexpected token. Did you mean `{'>'}` or `&gt;`?
    ╭─[/workspace/components/landing/EstimateCtas.tsx:84:1]
 81 │         >
 82 │           {HERO_COPY.estimateCta}
 83 │         </Button>
 84 │ >>>>>>> origin/main
    · ▲
 85 │       </div>
 86 │       <p className="mt-3 text-xs text-muted-foreground">{HERO_COPY.estimateHint}</p>
 87 │     </div>
    ╰────
  × Unexpected token. Did you mean `{'>'}` or `&gt;`?
    ╭─[/workspace/components/landing/EstimateCtas.tsx:84:1]
 81 │         >
 82 │           {HERO_COPY.estimateCta}
 83 │         </Button>
 84 │ >>>>>>> origin/main
    ·  ▲
 85 │       </div>
 86 │       <p className="mt-3 text-xs text-muted-foreground">{HERO_COPY.estimateHint}</p>
 87 │     </div>
    ╰────
  × Unexpected token. Did you mean `{'>'}` or `&gt;`?
    ╭─[/workspace/components/landing/EstimateCtas.tsx:84:1]
 81 │         >
 82 │           {HERO_COPY.estimateCta}
 83 │         </Button>
 84 │ >>>>>>> origin/main
    ·   ▲
 85 │       </div>
 86 │       <p className="mt-3 text-xs text-muted-foreground">{HERO_COPY.estimateHint}</p>
 87 │     </div>
    ╰────
  × Unexpected token. Did you mean `{'>'}` or `&gt;`?
    ╭─[/workspace/components/landing/EstimateCtas.tsx:84:1]
 81 │         >
 82 │           {HERO_COPY.estimateCta}
 83 │         </Button>
 84 │ >>>>>>> origin/main
    ·    ▲
 85 │       </div>
 86 │       <p className="mt-3 text-xs text-muted-foreground">{HERO_COPY.estimateHint}</p>
 87 │     </div>
    ╰────
  × Unexpected token. Did you mean `{'>'}` or `&gt;`?
    ╭─[/workspace/components/landing/EstimateCtas.tsx:84:1]
 81 │         >
 82 │           {HERO_COPY.estimateCta}
 83 │         </Button>
 84 │ >>>>>>> origin/main
    ·     ▲
 85 │       </div>
 86 │       <p className="mt-3 text-xs text-muted-foreground">{HERO_COPY.estimateHint}</p>
 87 │     </div>
    ╰────
  × Unexpected token. Did you mean `{'>'}` or `&gt;`?
    ╭─[/workspace/components/landing/EstimateCtas.tsx:84:1]
 81 │         >
 82 │           {HERO_COPY.estimateCta}
 83 │         </Button>
 84 │ >>>>>>> origin/main
    ·      ▲
 85 │       </div>
 86 │       <p className="mt-3 text-xs text-muted-foreground">{HERO_COPY.estimateHint}</p>
 87 │     </div>
    ╰────
  × Unexpected token. Did you mean `{'>'}` or `&gt;`?
    ╭─[/workspace/components/landing/EstimateCtas.tsx:84:1]
 81 │         >
 82 │           {HERO_COPY.estimateCta}
 83 │         </Button>
 84 │ >>>>>>> origin/main
    ·       ▲
 85 │       </div>
 86 │       <p className="mt-3 text-xs text-muted-foreground">{HERO_COPY.estimateHint}</p>
 87 │     </div>
    ╰────
  × Unexpected token. Did you mean `{'}'}` or `&rbrace;`?
    ╭─[/workspace/components/landing/EstimateCtas.tsx:89:1]
 86 │       <p className="mt-3 text-xs text-muted-foreground">{HERO_COPY.estimateHint}</p>
 87 │     </div>
 88 │   );
 89 │ }
    · ▲
    ╰────
  × Unexpected eof
    ╭─[/workspace/components/landing/EstimateCtas.tsx:89:3]
 87 │     </div>
 88 │   );
 89 │ }
    ╰────

Caused by:
    Syntax Error

Import trace for requested module:
./components/landing/EstimateCtas.tsx
./app/pricing/page.tsx @ webpack-internal:///(app-pages-browser)/./node_modules/.pnpm/next@15.5.21_@opentelemetry+api@1.9.1_@playwright+test@1.60.0_@types+node@22.19.19_reac_f57555baa6effde8efe1c7733fc2c924/node_modules/next/dist/next-devtools/userspace/app/errors/intercept-console-error.js:56
[ 1501649ms] [LOG] [Fast Refresh] done in 4167ms @ webpack-internal:///(app-pages-browser)/./node_modules/.pnpm/next@15.5.21_@opentelemetry+api@1.9.1_@playwright+test@1.60.0_@types+node@22.19.19_reac_f57555baa6effde8efe1c7733fc2c924/node_modules/next/dist/client/dev/report-hmr-latency.js:13
[ 1503885ms] [ERROR] ./components/landing/FinalCTA.tsx
Error:   × Expression expected
    ╭─[/workspace/components/landing/FinalCTA.tsx:54:1]
 51 │                 {PRICE_RANGE.line}
 52 │               </p>
 53 │ 
 54 │ <<<<<<< HEAD
    ·  ──
 55 │               <EstimateCtas location="final_cta" />
 56 │ =======
 57 │               <div className="flex flex-col sm:flex-row items-stretch sm:items-center gap-3">
    ╰────
  × Expression expected
    ╭─[/workspace/components/landing/FinalCTA.tsx:54:1]
 51 │                 {PRICE_RANGE.line}
 52 │               </p>
 53 │ 
 54 │ <<<<<<< HEAD
    ·    ──
 55 │               <EstimateCtas location="final_cta" />
 56 │ =======
 57 │               <div className="flex flex-col sm:flex-row items-stretch sm:items-center gap-3">
    ╰────
  × Expression expected
    ╭─[/workspace/components/landing/FinalCTA.tsx:54:1]
 51 │                 {PRICE_RANGE.line}
 52 │               </p>
 53 │ 
 54 │ <<<<<<< HEAD
    ·      ──
 55 │               <EstimateCtas location="final_cta" />
 56 │ =======
 57 │               <div className="flex flex-col sm:flex-row items-stretch sm:items-center gap-3">
    ╰────

Caused by:
    Syntax Error

Import trace for requested module:
./components/landing/FinalCTA.tsx @ webpack-internal:///(app-pages-browser)/./node_modules/.pnpm/next@15.5.21_@opentelemetry+api@1.9.1_@playwright+test@1.60.0_@types+node@22.19.19_reac_f57555baa6effde8efe1c7733fc2c924/node_modules/next/dist/next-devtools/userspace/app/errors/intercept-console-error.js:56
[ 1503889ms] [ERROR] ./components/landing/Hero.tsx
Error:   × Merge conflict marker encountered.
    ╭─[/workspace/components/landing/Hero.tsx:9:1]
  6 │ import { ArrowRight } from "lucide-react";
  7 │ import { Button } from "@/components/ui/button";
  8 │ import { useLightbox } from "@/components/landing/LightboxProvider";
  9 │ <<<<<<< HEAD
    · ───────
 10 │ import { BOOK_MICROCOPY } from "@/components/landing/EstimateCtas";
 11 │ import { track } from "@/lib/analytics";
 12 │ import {
    ╰────
  × Merge conflict marker encountered.
    ╭─[/workspace/components/landing/Hero.tsx:16:1]
 13 │   HERO_COPY,
 14 │   PRICE_RANGE,
 15 │   SHOW_LABS_HERO_CTA,
 16 │ =======
    · ───────
 17 │ import { track } from "@/lib/analytics";
 18 │ import {
 19 │   FOUNDER,
    ╰────
  × Expected ',', got '{'
    ╭─[/workspace/components/landing/Hero.tsx:17:1]
 14 │   PRICE_RANGE,
 15 │   SHOW_LABS_HERO_CTA,
 16 │ =======
 17 │ import { track } from "@/lib/analytics";
    ·        ─
 18 │ import {
 19 │   FOUNDER,
 20 │   HERO_COPY,
    ╰────

Caused by:
    Syntax Error

Import trace for requested module:
./components/landing/Hero.tsx @ webpack-internal:///(app-pages-browser)/./node_modules/.pnpm/next@15.5.21_@opentelemetry+api@1.9.1_@playwright+test@1.60.0_@types+node@22.19.19_reac_f57555baa6effde8efe1c7733fc2c924/node_modules/next/dist/next-devtools/userspace/app/errors/intercept-console-error.js:56
[ 1503890ms] [ERROR] ./components/landing/LightboxProvider.tsx
Error:   × Merge conflict marker encountered.
   ╭─[/workspace/components/landing/LightboxProvider.tsx:6:1]
 3 │ import * as React from "react";
 4 │ import dynamic from "next/dynamic";
 5 │ import { Dialog, DialogContent, DialogHeader, DialogTitle, DialogDescription } from "@/components/ui/dialog";
 6 │ <<<<<<< HEAD
   · ───────
 7 │ import { HERO_COPY } from "@/lib/jeremy-data";
 8 │ =======
 9 │ >>>>>>> origin/main
   ╰────
  × Merge conflict marker encountered.
    ╭─[/workspace/components/landing/LightboxProvider.tsx:8:1]
  5 │ import { Dialog, DialogContent, DialogHeader, DialogTitle, DialogDescription } from "@/components/ui/dialog";
  6 │ <<<<<<< HEAD
  7 │ import { HERO_COPY } from "@/lib/jeremy-data";
  8 │ =======
    · ───────
  9 │ >>>>>>> origin/main
 10 │ 
 11 │ const LeadForm = dynamic(
    ╰────
  × Merge conflict marker encountered.
    ╭─[/workspace/components/landing/LightboxProvider.tsx:9:1]
  6 │ <<<<<<< HEAD
  7 │ import { HERO_COPY } from "@/lib/jeremy-data";
  8 │ =======
  9 │ >>>>>>> origin/main
    · ───────
 10 │ 
 11 │ const LeadForm = dynamic(
 12 │   () => import("@/components/landing/LeadForm").then((m) => m.LeadForm),
    ╰────
  × Merge conflict marker encountered.
    ╭─[/workspace/components/landing/LightboxProvider.tsx:43:1]
 40 │   },
 41 │   form: {
 42 │     title: "Send the job",
 43 │ <<<<<<< HEAD
    · ───────
 44 │     description: HERO_COPY.estimateHint,
 45 │ =======
 46 │     description: "I read this and reply with a price band. It is not an instant quote.",
    ╰────
  × Merge conflict marker encountered.
    ╭─[/workspace/components/landing/LightboxProvider.tsx:45:1]
 42 │     title: "Send the job",
 43 │ <<<<<<< HEAD
 44 │     description: HERO_COPY.estimateHint,
 45 │ =======
    · ───────
 46 │     description: "I read this and reply with a price band. It is not an instant quote.",
 47 │ >>>>>>> origin/main
 48 │   },
    ╰────
  × Merge conflict marker encountered.
    ╭─[/workspace/components/landing/LightboxProvider.tsx:47:1]
 44 │     description: HERO_COPY.estimateHint,
 45 │ =======
 46 │     description: "I read this and reply with a price band. It is not an instant quote.",
 47 │ >>>>>>> origin/main
    · ───────
 48 │   },
 49 │   email: {
 50 │     title: "Send a note",
    ╰────

Caused by:
    Syntax Error

Import trace for requested module:
./components/landing/LightboxProvider.tsx @ webpack-internal:///(app-pages-browser)/./node_modules/.pnpm/next@15.5.21_@opentelemetry+api@1.9.1_@playwright+test@1.60.0_@types+node@22.19.19_reac_f57555baa6effde8efe1c7733fc2c924/node_modules/next/dist/next-devtools/userspace/app/errors/intercept-console-error.js:56
[ 1503890ms] [ERROR] ./components/landing/Services.tsx
Error:   × Merge conflict marker encountered.
    ╭─[/workspace/components/landing/Services.tsx:8:1]
  5 │ import { Bot, Code2, Palette, LineChart, ArrowRight, MessageSquare } from "lucide-react";
  6 │ import { useLightbox } from "@/components/landing/LightboxProvider";
  7 │ import { useMotionProps, FADE_UP_LG } from "@/hooks/use-motion-props";
  8 │ <<<<<<< HEAD
    · ───────
  9 │ import { HERO_COPY, MARKETING_SERVICES, PRICE_RANGE } from "@/lib/jeremy-data";
 10 │ =======
 11 │ import { HERO_COPY, MARKETING_SERVICES } from "@/lib/jeremy-data";
    ╰────
  × Merge conflict marker encountered.
    ╭─[/workspace/components/landing/Services.tsx:10:1]
  7 │ import { useMotionProps, FADE_UP_LG } from "@/hooks/use-motion-props";
  8 │ <<<<<<< HEAD
  9 │ import { HERO_COPY, MARKETING_SERVICES, PRICE_RANGE } from "@/lib/jeremy-data";
 10 │ =======
    · ───────
 11 │ import { HERO_COPY, MARKETING_SERVICES } from "@/lib/jeremy-data";
 12 │ >>>>>>> origin/main
    ╰────
  × Merge conflict marker encountered.
    ╭─[/workspace/components/landing/Services.tsx:12:1]
  9 │ import { HERO_COPY, MARKETING_SERVICES, PRICE_RANGE } from "@/lib/jeremy-data";
 10 │ =======
 11 │ import { HERO_COPY, MARKETING_SERVICES } from "@/lib/jeremy-data";
 12 │ >>>>>>> origin/main
    · ───────
 13 │ 
 14 │ const ICONS = {
 15 │   Bot,
    ╰────
  × Expression expected
    ╭─[/workspace/components/landing/Services.tsx:49:1]
 46 │             className="mb-14 md:mb-16 flex flex-col md:flex-row md:items-end md:justify-between gap-6"
 47 │           >
 48 │             <div className="max-w-xl">
 49 │ <<<<<<< HEAD
    ·  ──
 50 │               <p className="text-xs font-semibold uppercase tracking-widest text-primary mb-4">
 51 │                 {HERO_COPY.diagnostic}
 52 │               </p>
    ╰────
  × Expression expected
    ╭─[/workspace/components/landing/Services.tsx:49:1]
 46 │             className="mb-14 md:mb-16 flex flex-col md:flex-row md:items-end md:justify-between gap-6"
 47 │           >
 48 │             <div className="max-w-xl">
 49 │ <<<<<<< HEAD
    ·    ──
 50 │               <p className="text-xs font-semibold uppercase tracking-widest text-primary mb-4">
 51 │                 {HERO_COPY.diagnostic}
 52 │               </p>
    ╰────
  × Expression expected
    ╭─[/workspace/components/landing/Services.tsx:49:1]
 46 │             className="mb-14 md:mb-16 flex flex-col md:flex-row md:items-end md:justify-between gap-6"
 47 │           >
 48 │             <div className="max-w-xl">
 49 │ <<<<<<< HEAD
    ·      ──
 50 │               <p className="text-xs font-semibold uppercase tracking-widest text-primary mb-4">
 51 │                 {HERO_COPY.diagnostic}
 52 │               </p>
    ╰────
  × Expected ';', got 'className'
    ╭─[/workspace/components/landing/Services.tsx:50:1]
 47 │           >
 48 │             <div className="max-w-xl">
 49 │ <<<<<<< HEAD
 50 │               <p className="text-xs font-semibold uppercase tracking-widest text-primary mb-4">
    ·                  ─────────
 51 │                 {HERO_COPY.diagnostic}
 52 │               </p>
 53 │ =======
    ╰────

Caused by:
    Syntax Error

Import trace for requested module:
./components/landing/Services.tsx @ webpack-internal:///(app-pages-browser)/./node_modules/.pnpm/next@15.5.21_@opentelemetry+api@1.9.1_@playwright+test@1.60.0_@types+node@22.19.19_reac_f57555baa6effde8efe1c7733fc2c924/node_modules/next/dist/next-devtools/userspace/app/errors/intercept-console-error.js:56
[ 1503890ms] [ERROR] ./components/landing/StickyMobileCTA.tsx
Error:   × Expression expected
     ╭─[/workspace/components/landing/StickyMobileCTA.tsx:103:1]
 100 │       data-testid="sticky-mobile-cta"
 101 │     >
 102 │       <div className="flex items-center gap-2">
 103 │ <<<<<<< HEAD
     ·  ──
 104 │         <Button
 105 │           onClick={() => open("book")}
 106 │           size="lg"
     ╰────
  × Expression expected
     ╭─[/workspace/components/landing/StickyMobileCTA.tsx:103:1]
 100 │       data-testid="sticky-mobile-cta"
 101 │     >
 102 │       <div className="flex items-center gap-2">
 103 │ <<<<<<< HEAD
     ·    ──
 104 │         <Button
 105 │           onClick={() => open("book")}
 106 │           size="lg"
     ╰────
  × Expression expected
     ╭─[/workspace/components/landing/StickyMobileCTA.tsx:103:1]
 100 │       data-testid="sticky-mobile-cta"
 101 │     >
 102 │       <div className="flex items-center gap-2">
 103 │ <<<<<<< HEAD
     ·      ──
 104 │         <Button
 105 │           onClick={() => open("book")}
 106 │           size="lg"
     ╰────

Caused by:
    Syntax Error

Import trace for requested module:
./components/landing/StickyMobileCTA.tsx @ webpack-internal:///(app-pages-browser)/./node_modules/.pnpm/next@15.5.21_@opentelemetry+api@1.9.1_@playwright+test@1.60.0_@types+node@22.19.19_reac_f57555baa6effde8efe1c7733fc2c924/node_modules/next/dist/next-devtools/userspace/app/errors/intercept-console-error.js:56
[ 1503890ms] [ERROR] ./lib/jeremy-data.ts
Error:   × Merge conflict marker encountered.
     ╭─[/workspace/lib/jeremy-data.ts:429:1]
 426 │   {
 427 │     id: "workflow",
 428 │     name: "Single workflow",
 429 │ <<<<<<< HEAD
     · ───────
 430 │     price: "Price band after the call",
 431 │     summary: "One painful loop — dispatch, invoicing, intake — automated end to end.",
 432 │     detail:
     ╰────
  × Merge conflict marker encountered.
     ╭─[/workspace/lib/jeremy-data.ts:434:1]
 431 │     summary: "One painful loop — dispatch, invoicing, intake — automated end to end.",
 432 │     detail:
 433 │       "One loop, fixed price after we talk. I reply with a price band once the scope is real.",
 434 │ =======
     · ───────
 435 │     price: "Quoted after the call",
 436 │     summary: "One painful loop — dispatch, invoicing, intake — automated end to end.",
 437 │     detail:
     ╰────
  × Merge conflict marker encountered.
     ╭─[/workspace/lib/jeremy-data.ts:439:1]
 436 │     summary: "One painful loop — dispatch, invoicing, intake — automated end to end.",
 437 │     detail:
 438 │       "One loop, fixed price after we talk. I don't publish a band until the scope is real.",
 439 │ >>>>>>> origin/main
     · ───────
 440 │   },
 441 │   {
 442 │     id: "full-build",
     ╰────

Caused by:
    Syntax Error

Import trace for requested module:
./lib/jeremy-data.ts
./components/landing/FAQ.tsx @ webpack-internal:///(app-pages-browser)/./node_modules/.pnpm/next@15.5.21_@opentelemetry+api@1.9.1_@playwright+test@1.60.0_@types+node@22.19.19_reac_f57555baa6effde8efe1c7733fc2c924/node_modules/next/dist/next-devtools/userspace/app/errors/intercept-console-error.js:56
[ 1504401ms] [LOG] [Fast Refresh] rebuilding @ webpack-internal:///(app-pages-browser)/./node_modules/.pnpm/next@15.5.21_@opentelemetry+api@1.9.1_@playwright+test@1.60.0_@types+node@22.19.19_reac_f57555baa6effde8efe1c7733fc2c924/node_modules/next/dist/client/dev/hot-reloader/app/hot-reloader-app.js:196
[ 1504421ms] [LOG] {file: Object} @ webpack-internal:///(app-pages-browser)/./node_modules/.pnpm/next@15.5.21_@opentelemetry+api@1.9.1_@playwright+test@1.60.0_@types+node@22.19.19_reac_f57555baa6effde8efe1c7733fc2c924/node_modules/next/dist/compiled/next-devtools/index.js:1630
[ 1506058ms] [ERROR] ./components/landing/LightboxProvider.tsx
Error:   × Merge conflict marker encountered.
   ╭─[/workspace/components/landing/LightboxProvider.tsx:6:1]
 3 │ import * as React from "react";
 4 │ import dynamic from "next/dynamic";
 5 │ import { Dialog, DialogContent, DialogHeader, DialogTitle, DialogDescription } from "@/components/ui/dialog";
 6 │ <<<<<<< HEAD
   · ───────
 7 │ import { HERO_COPY } from "@/lib/jeremy-data";
 8 │ =======
 9 │ >>>>>>> origin/main
   ╰────
  × Merge conflict marker encountered.
    ╭─[/workspace/components/landing/LightboxProvider.tsx:8:1]
  5 │ import { Dialog, DialogContent, DialogHeader, DialogTitle, DialogDescription } from "@/components/ui/dialog";
  6 │ <<<<<<< HEAD
  7 │ import { HERO_COPY } from "@/lib/jeremy-data";
  8 │ =======
    · ───────
  9 │ >>>>>>> origin/main
 10 │ 
 11 │ const LeadForm = dynamic(
    ╰────
  × Merge conflict marker encountered.
    ╭─[/workspace/components/landing/LightboxProvider.tsx:9:1]
  6 │ <<<<<<< HEAD
  7 │ import { HERO_COPY } from "@/lib/jeremy-data";
  8 │ =======
  9 │ >>>>>>> origin/main
    · ───────
 10 │ 
 11 │ const LeadForm = dynamic(
 12 │   () => import("@/components/landing/LeadForm").then((m) => m.LeadForm),
    ╰────
  × Merge conflict marker encountered.
    ╭─[/workspace/components/landing/LightboxProvider.tsx:43:1]
 40 │   },
 41 │   form: {
 42 │     title: "Send the job",
 43 │ <<<<<<< HEAD
    · ───────
 44 │     description: HERO_COPY.estimateHint,
 45 │ =======
 46 │     description: "I read this and reply with a price band. It is not an instant quote.",
    ╰────
  × Merge conflict marker encountered.
    ╭─[/workspace/components/landing/LightboxProvider.tsx:45:1]
 42 │     title: "Send the job",
 43 │ <<<<<<< HEAD
 44 │     description: HERO_COPY.estimateHint,
 45 │ =======
    · ───────
 46 │     description: "I read this and reply with a price band. It is not an instant quote.",
 47 │ >>>>>>> origin/main
 48 │   },
    ╰────
  × Merge conflict marker encountered.
    ╭─[/workspace/components/landing/LightboxProvider.tsx:47:1]
 44 │     description: HERO_COPY.estimateHint,
 45 │ =======
 46 │     description: "I read this and reply with a price band. It is not an instant quote.",
 47 │ >>>>>>> origin/main
    · ───────
 48 │   },
 49 │   email: {
 50 │     title: "Send a note",
    ╰────

Caused by:
    Syntax Error

Import trace for requested module:
./components/landing/LightboxProvider.tsx
./components/landing/SiteNav.tsx @ webpack-internal:///(app-pages-browser)/./node_modules/.pnpm/next@15.5.21_@opentelemetry+api@1.9.1_@playwright+test@1.60.0_@types+node@22.19.19_reac_f57555baa6effde8efe1c7733fc2c924/node_modules/next/dist/next-devtools/userspace/app/errors/intercept-console-error.js:56
[ 1506060ms] [ERROR] ./lib/jeremy-data.ts
Error:   × Merge conflict marker encountered.
     ╭─[/workspace/lib/jeremy-data.ts:429:1]
 426 │   {
 427 │     id: "workflow",
 428 │     name: "Single workflow",
 429 │ <<<<<<< HEAD
     · ───────
 430 │     price: "Price band after the call",
 431 │     summary: "One painful loop — dispatch, invoicing, intake — automated end to end.",
 432 │     detail:
     ╰────
  × Merge conflict marker encountered.
     ╭─[/workspace/lib/jeremy-data.ts:434:1]
 431 │     summary: "One painful loop — dispatch, invoicing, intake — automated end to end.",
 432 │     detail:
 433 │       "One loop, fixed price after we talk. I reply with a price band once the scope is real.",
 434 │ =======
     · ───────
 435 │     price: "Quoted after the call",
 436 │     summary: "One painful loop — dispatch, invoicing, intake — automated end to end.",
 437 │     detail:
     ╰────
  × Merge conflict marker encountered.
     ╭─[/workspace/lib/jeremy-data.ts:439:1]
 436 │     summary: "One painful loop — dispatch, invoicing, intake — automated end to end.",
 437 │     detail:
 438 │       "One loop, fixed price after we talk. I don't publish a band until the scope is real.",
 439 │ >>>>>>> origin/main
     · ───────
 440 │   },
 441 │   {
 442 │     id: "full-build",
     ╰────

Caused by:
    Syntax Error

Import trace for requested module:
./lib/jeremy-data.ts
./components/landing/SiteFooter.tsx @ webpack-internal:///(app-pages-browser)/./node_modules/.pnpm/next@15.5.21_@opentelemetry+api@1.9.1_@playwright+test@1.60.0_@types+node@22.19.19_reac_f57555baa6effde8efe1c7733fc2c924/node_modules/next/dist/next-devtools/userspace/app/errors/intercept-console-error.js:56
[ 1506060ms] [ERROR] ./components/landing/EstimateCtas.tsx
Error:   × Merge conflict marker encountered.
    ╭─[/workspace/components/landing/EstimateCtas.tsx:31:1]
 28 │   }
 29 │ 
 30 │   return (
 31 │ <<<<<<< HEAD
    · ───────
 32 │     <div className={className}>
 33 │       <div className="flex flex-col sm:flex-row items-stretch sm:items-start gap-3">
 34 │         <div className="flex flex-1 flex-col gap-1">
    ╰────
  × Unexpected token. Did you mean `{'>'}` or `&gt;`?
    ╭─[/workspace/components/landing/EstimateCtas.tsx:84:1]
 81 │         >
 82 │           {HERO_COPY.estimateCta}
 83 │         </Button>
 84 │ >>>>>>> origin/main
    · ▲
 85 │       </div>
 86 │       <p className="mt-3 text-xs text-muted-foreground">{HERO_COPY.estimateHint}</p>
 87 │     </div>
    ╰────
  × Unexpected token. Did you mean `{'>'}` or `&gt;`?
    ╭─[/workspace/components/landing/EstimateCtas.tsx:84:1]
 81 │         >
 82 │           {HERO_COPY.estimateCta}
 83 │         </Button>
 84 │ >>>>>>> origin/main
    ·  ▲
 85 │       </div>
 86 │       <p className="mt-3 text-xs text-muted-foreground">{HERO_COPY.estimateHint}</p>
 87 │     </div>
    ╰────
  × Unexpected token. Did you mean `{'>'}` or `&gt;`?
    ╭─[/workspace/components/landing/EstimateCtas.tsx:84:1]
 81 │         >
 82 │           {HERO_COPY.estimateCta}
 83 │         </Button>
 84 │ >>>>>>> origin/main
    ·   ▲
 85 │       </div>
 86 │       <p className="mt-3 text-xs text-muted-foreground">{HERO_COPY.estimateHint}</p>
 87 │     </div>
    ╰────
  × Unexpected token. Did you mean `{'>'}` or `&gt;`?
    ╭─[/workspace/components/landing/EstimateCtas.tsx:84:1]
 81 │         >
 82 │           {HERO_COPY.estimateCta}
 83 │         </Button>
 84 │ >>>>>>> origin/main
    ·    ▲
 85 │       </div>
 86 │       <p className="mt-3 text-xs text-muted-foreground">{HERO_COPY.estimateHint}</p>
 87 │     </div>
    ╰────
  × Unexpected token. Did you mean `{'>'}` or `&gt;`?
    ╭─[/workspace/components/landing/EstimateCtas.tsx:84:1]
 81 │         >
 82 │           {HERO_COPY.estimateCta}
 83 │         </Button>
 84 │ >>>>>>> origin/main
    ·     ▲
 85 │       </div>
 86 │       <p className="mt-3 text-xs text-muted-foreground">{HERO_COPY.estimateHint}</p>
 87 │     </div>
    ╰────
  × Unexpected token. Did you mean `{'>'}` or `&gt;`?
    ╭─[/workspace/components/landing/EstimateCtas.tsx:84:1]
 81 │         >
 82 │           {HERO_COPY.estimateCta}
 83 │         </Button>
 84 │ >>>>>>> origin/main
    ·      ▲
 85 │       </div>
 86 │       <p className="mt-3 text-xs text-muted-foreground">{HERO_COPY.estimateHint}</p>
 87 │     </div>
    ╰────
  × Unexpected token. Did you mean `{'>'}` or `&gt;`?
    ╭─[/workspace/components/landing/EstimateCtas.tsx:84:1]
 81 │         >
 82 │           {HERO_COPY.estimateCta}
 83 │         </Button>
 84 │ >>>>>>> origin/main
    ·       ▲
 85 │       </div>
 86 │       <p className="mt-3 text-xs text-muted-foreground">{HERO_COPY.estimateHint}</p>
 87 │     </div>
    ╰────
  × Unexpected token. Did you mean `{'}'}` or `&rbrace;`?
    ╭─[/workspace/components/landing/EstimateCtas.tsx:89:1]
 86 │       <p className="mt-3 text-xs text-muted-foreground">{HERO_COPY.estimateHint}</p>
 87 │     </div>
 88 │   );
 89 │ }
    · ▲
    ╰────
  × Unexpected eof
    ╭─[/workspace/components/landing/EstimateCtas.tsx:89:3]
 87 │     </div>
 88 │   );
 89 │ }
    ╰────

Caused by:
    Syntax Error

Import trace for requested module:
./components/landing/EstimateCtas.tsx
./app/pricing/page.tsx @ webpack-internal:///(app-pages-browser)/./node_modules/.pnpm/next@15.5.21_@opentelemetry+api@1.9.1_@playwright+test@1.60.0_@types+node@22.19.19_reac_f57555baa6effde8efe1c7733fc2c924/node_modules/next/dist/next-devtools/userspace/app/errors/intercept-console-error.js:56
[ 1506061ms] [ERROR] ./components/landing/FinalCTA.tsx
Error:   × Expression expected
    ╭─[/workspace/components/landing/FinalCTA.tsx:54:1]
 51 │                 {PRICE_RANGE.line}
 52 │               </p>
 53 │ 
 54 │ <<<<<<< HEAD
    ·  ──
 55 │               <EstimateCtas location="final_cta" />
 56 │ =======
 57 │               <div className="flex flex-col sm:flex-row items-stretch sm:items-center gap-3">
    ╰────
  × Expression expected
    ╭─[/workspace/components/landing/FinalCTA.tsx:54:1]
 51 │                 {PRICE_RANGE.line}
 52 │               </p>
 53 │ 
 54 │ <<<<<<< HEAD
    ·    ──
 55 │               <EstimateCtas location="final_cta" />
 56 │ =======
 57 │               <div className="flex flex-col sm:flex-row items-stretch sm:items-center gap-3">
    ╰────
  × Expression expected
    ╭─[/workspace/components/landing/FinalCTA.tsx:54:1]
 51 │                 {PRICE_RANGE.line}
 52 │               </p>
 53 │ 
 54 │ <<<<<<< HEAD
    ·      ──
 55 │               <EstimateCtas location="final_cta" />
 56 │ =======
 57 │               <div className="flex flex-col sm:flex-row items-stretch sm:items-center gap-3">
    ╰────

Caused by:
    Syntax Error

Import trace for requested module:
./components/landing/FinalCTA.tsx
./app/page.tsx @ webpack-internal:///(app-pages-browser)/./node_modules/.pnpm/next@15.5.21_@opentelemetry+api@1.9.1_@playwright+test@1.60.0_@types+node@22.19.19_reac_f57555baa6effde8efe1c7733fc2c924/node_modules/next/dist/next-devtools/userspace/app/errors/intercept-console-error.js:56
[ 1506061ms] [ERROR] ./components/landing/Hero.tsx
Error:   × Merge conflict marker encountered.
    ╭─[/workspace/components/landing/Hero.tsx:9:1]
  6 │ import { ArrowRight } from "lucide-react";
  7 │ import { Button } from "@/components/ui/button";
  8 │ import { useLightbox } from "@/components/landing/LightboxProvider";
  9 │ <<<<<<< HEAD
    · ───────
 10 │ import { BOOK_MICROCOPY } from "@/components/landing/EstimateCtas";
 11 │ import { track } from "@/lib/analytics";
 12 │ import {
    ╰────
  × Merge conflict marker encountered.
    ╭─[/workspace/components/landing/Hero.tsx:16:1]
 13 │   HERO_COPY,
 14 │   PRICE_RANGE,
 15 │   SHOW_LABS_HERO_CTA,
 16 │ =======
    · ───────
 17 │ import { track } from "@/lib/analytics";
 18 │ import {
 19 │   FOUNDER,
    ╰────
  × Expected ',', got '{'
    ╭─[/workspace/components/landing/Hero.tsx:17:1]
 14 │   PRICE_RANGE,
 15 │   SHOW_LABS_HERO_CTA,
 16 │ =======
 17 │ import { track } from "@/lib/analytics";
    ·        ─
 18 │ import {
 19 │   FOUNDER,
 20 │   HERO_COPY,
    ╰────

Caused by:
    Syntax Error

Import trace for requested module:
./components/landing/Hero.tsx
./app/page.tsx @ webpack-internal:///(app-pages-browser)/./node_modules/.pnpm/next@15.5.21_@opentelemetry+api@1.9.1_@playwright+test@1.60.0_@types+node@22.19.19_reac_f57555baa6effde8efe1c7733fc2c924/node_modules/next/dist/next-devtools/userspace/app/errors/intercept-console-error.js:56
[ 1506061ms] [ERROR] ./components/landing/LightboxProvider.tsx
Error:   × Merge conflict marker encountered.
   ╭─[/workspace/components/landing/LightboxProvider.tsx:6:1]
 3 │ import * as React from "react";
 4 │ import dynamic from "next/dynamic";
 5 │ import { Dialog, DialogContent, DialogHeader, DialogTitle, DialogDescription } from "@/components/ui/dialog";
 6 │ <<<<<<< HEAD
   · ───────
 7 │ import { HERO_COPY } from "@/lib/jeremy-data";
 8 │ =======
 9 │ >>>>>>> origin/main
   ╰────
  × Merge conflict marker encountered.
    ╭─[/workspace/components/landing/LightboxProvider.tsx:8:1]
  5 │ import { Dialog, DialogContent, DialogHeader, DialogTitle, DialogDescription } from "@/components/ui/dialog";
  6 │ <<<<<<< HEAD
  7 │ import { HERO_COPY } from "@/lib/jeremy-data";
  8 │ =======
    · ───────
  9 │ >>>>>>> origin/main
 10 │ 
 11 │ const LeadForm = dynamic(
    ╰────
  × Merge conflict marker encountered.
    ╭─[/workspace/components/landing/LightboxProvider.tsx:9:1]
  6 │ <<<<<<< HEAD
  7 │ import { HERO_COPY } from "@/lib/jeremy-data";
  8 │ =======
  9 │ >>>>>>> origin/main
    · ───────
 10 │ 
 11 │ const LeadForm = dynamic(
 12 │   () => import("@/components/landing/LeadForm").then((m) => m.LeadForm),
    ╰────
  × Merge conflict marker encountered.
    ╭─[/workspace/components/landing/LightboxProvider.tsx:43:1]
 40 │   },
 41 │   form: {
 42 │     title: "Send the job",
 43 │ <<<<<<< HEAD
    · ───────
 44 │     description: HERO_COPY.estimateHint,
 45 │ =======
 46 │     description: "I read this and reply with a price band. It is not an instant quote.",
    ╰────
  × Merge conflict marker encountered.
    ╭─[/workspace/components/landing/LightboxProvider.tsx:45:1]
 42 │     title: "Send the job",
 43 │ <<<<<<< HEAD
 44 │     description: HERO_COPY.estimateHint,
 45 │ =======
    · ───────
 46 │     description: "I read this and reply with a price band. It is not an instant quote.",
 47 │ >>>>>>> origin/main
 48 │   },
    ╰────
  × Merge conflict marker encountered.
    ╭─[/workspace/components/landing/LightboxProvider.tsx:47:1]
 44 │     description: HERO_COPY.estimateHint,
 45 │ =======
 46 │     description: "I read this and reply with a price band. It is not an instant quote.",
 47 │ >>>>>>> origin/main
    · ───────
 48 │   },
 49 │   email: {
 50 │     title: "Send a note",
    ╰────

Caused by:
    Syntax Error

Import trace for requested module:
./components/landing/LightboxProvider.tsx
./components/landing/MarketingShell.tsx
./app/page.tsx @ webpack-internal:///(app-pages-browser)/./node_modules/.pnpm/next@15.5.21_@opentelemetry+api@1.9.1_@playwright+test@1.60.0_@types+node@22.19.19_reac_f57555baa6effde8efe1c7733fc2c924/node_modules/next/dist/next-devtools/userspace/app/errors/intercept-console-error.js:56
[ 1506061ms] [ERROR] ./components/landing/Services.tsx
Error:   × Merge conflict marker encountered.
    ╭─[/workspace/components/landing/Services.tsx:8:1]
  5 │ import { Bot, Code2, Palette, LineChart, ArrowRight, MessageSquare } from "lucide-react";
  6 │ import { useLightbox } from "@/components/landing/LightboxProvider";
  7 │ import { useMotionProps, FADE_UP_LG } from "@/hooks/use-motion-props";
  8 │ <<<<<<< HEAD
    · ───────
  9 │ import { HERO_COPY, MARKETING_SERVICES, PRICE_RANGE } from "@/lib/jeremy-data";
 10 │ =======
 11 │ import { HERO_COPY, MARKETING_SERVICES } from "@/lib/jeremy-data";
    ╰────
  × Merge conflict marker encountered.
    ╭─[/workspace/components/landing/Services.tsx:10:1]
  7 │ import { useMotionProps, FADE_UP_LG } from "@/hooks/use-motion-props";
  8 │ <<<<<<< HEAD
  9 │ import { HERO_COPY, MARKETING_SERVICES, PRICE_RANGE } from "@/lib/jeremy-data";
 10 │ =======
    · ───────
 11 │ import { HERO_COPY, MARKETING_SERVICES } from "@/lib/jeremy-data";
 12 │ >>>>>>> origin/main
    ╰────
  × Merge conflict marker encountered.
    ╭─[/workspace/components/landing/Services.tsx:12:1]
  9 │ import { HERO_COPY, MARKETING_SERVICES, PRICE_RANGE } from "@/lib/jeremy-data";
 10 │ =======
 11 │ import { HERO_COPY, MARKETING_SERVICES } from "@/lib/jeremy-data";
 12 │ >>>>>>> origin/main
    · ───────
 13 │ 
 14 │ const ICONS = {
 15 │   Bot,
    ╰────
  × Expression expected
    ╭─[/workspace/components/landing/Services.tsx:49:1]
 46 │             className="mb-14 md:mb-16 flex flex-col md:flex-row md:items-end md:justify-between gap-6"
 47 │           >
 48 │             <div className="max-w-xl">
 49 │ <<<<<<< HEAD
    ·  ──
 50 │               <p className="text-xs font-semibold uppercase tracking-widest text-primary mb-4">
 51 │                 {HERO_COPY.diagnostic}
 52 │               </p>
    ╰────
  × Expression expected
    ╭─[/workspace/components/landing/Services.tsx:49:1]
 46 │             className="mb-14 md:mb-16 flex flex-col md:flex-row md:items-end md:justify-between gap-6"
 47 │           >
 48 │             <div className="max-w-xl">
 49 │ <<<<<<< HEAD
    ·    ──
 50 │               <p className="text-xs font-semibold uppercase tracking-widest text-primary mb-4">
 51 │                 {HERO_COPY.diagnostic}
 52 │               </p>
    ╰────
  × Expression expected
    ╭─[/workspace/components/landing/Services.tsx:49:1]
 46 │             className="mb-14 md:mb-16 flex flex-col md:flex-row md:items-end md:justify-between gap-6"
 47 │           >
 48 │             <div className="max-w-xl">
 49 │ <<<<<<< HEAD
    ·      ──
 50 │               <p className="text-xs font-semibold uppercase tracking-widest text-primary mb-4">
 51 │                 {HERO_COPY.diagnostic}
 52 │               </p>
    ╰────
  × Expected ';', got 'className'
    ╭─[/workspace/components/landing/Services.tsx:50:1]
 47 │           >
 48 │             <div className="max-w-xl">
 49 │ <<<<<<< HEAD
 50 │               <p className="text-xs font-semibold uppercase tracking-widest text-primary mb-4">
    ·                  ─────────
 51 │                 {HERO_COPY.diagnostic}
 52 │               </p>
 53 │ =======
    ╰────

Caused by:
    Syntax Error

Import trace for requested module:
./components/landing/Services.tsx
./app/page.tsx @ webpack-internal:///(app-pages-browser)/./node_modules/.pnpm/next@15.5.21_@opentelemetry+api@1.9.1_@playwright+test@1.60.0_@types+node@22.19.19_reac_f57555baa6effde8efe1c7733fc2c924/node_modules/next/dist/next-devtools/userspace/app/errors/intercept-console-error.js:56
[ 1506062ms] [ERROR] ./components/landing/StickyMobileCTA.tsx
Error:   × Expression expected
     ╭─[/workspace/components/landing/StickyMobileCTA.tsx:103:1]
 100 │       data-testid="sticky-mobile-cta"
 101 │     >
 102 │       <div className="flex items-center gap-2">
 103 │ <<<<<<< HEAD
     ·  ──
 104 │         <Button
 105 │           onClick={() => open("book")}
 106 │           size="lg"
     ╰────
  × Expression expected
     ╭─[/workspace/components/landing/StickyMobileCTA.tsx:103:1]
 100 │       data-testid="sticky-mobile-cta"
 101 │     >
 102 │       <div className="flex items-center gap-2">
 103 │ <<<<<<< HEAD
     ·    ──
 104 │         <Button
 105 │           onClick={() => open("book")}
 106 │           size="lg"
     ╰────
  × Expression expected
     ╭─[/workspace/components/landing/StickyMobileCTA.tsx:103:1]
 100 │       data-testid="sticky-mobile-cta"
 101 │     >
 102 │       <div className="flex items-center gap-2">
 103 │ <<<<<<< HEAD
     ·      ──
 104 │         <Button
 105 │           onClick={() => open("book")}
 106 │           size="lg"
     ╰────

Caused by:
    Syntax Error

Import trace for requested module:
./components/landing/StickyMobileCTA.tsx
./components/landing/MarketingShell.tsx
./app/page.tsx @ webpack-internal:///(app-pages-browser)/./node_modules/.pnpm/next@15.5.21_@opentelemetry+api@1.9.1_@playwright+test@1.60.0_@types+node@22.19.19_reac_f57555baa6effde8efe1c7733fc2c924/node_modules/next/dist/next-devtools/userspace/app/errors/intercept-console-error.js:56
[ 1506062ms] [ERROR] ./lib/jeremy-data.ts
Error:   × Merge conflict marker encountered.
     ╭─[/workspace/lib/jeremy-data.ts:429:1]
 426 │   {
 427 │     id: "workflow",
 428 │     name: "Single workflow",
 429 │ <<<<<<< HEAD
     · ───────
 430 │     price: "Price band after the call",
 431 │     summary: "One painful loop — dispatch, invoicing, intake — automated end to end.",
 432 │     detail:
     ╰────
  × Merge conflict marker encountered.
     ╭─[/workspace/lib/jeremy-data.ts:434:1]
 431 │     summary: "One painful loop — dispatch, invoicing, intake — automated end to end.",
 432 │     detail:
 433 │       "One loop, fixed price after we talk. I reply with a price band once the scope is real.",
 434 │ =======
     · ───────
 435 │     price: "Quoted after the call",
 436 │     summary: "One painful loop — dispatch, invoicing, intake — automated end to end.",
 437 │     detail:
     ╰────
  × Merge conflict marker encountered.
     ╭─[/workspace/lib/jeremy-data.ts:439:1]
 436 │     summary: "One painful loop — dispatch, invoicing, intake — automated end to end.",
 437 │     detail:
 438 │       "One loop, fixed price after we talk. I don't publish a band until the scope is real.",
 439 │ >>>>>>> origin/main
     · ───────
 440 │   },
 441 │   {
 442 │     id: "full-build",
     ╰────

Caused by:
    Syntax Error

Import trace for requested module:
./lib/jeremy-data.ts
./app/layout.tsx @ webpack-internal:///(app-pages-browser)/./node_modules/.pnpm/next@15.5.21_@opentelemetry+api@1.9.1_@playwright+test@1.60.0_@types+node@22.19.19_reac_f57555baa6effde8efe1c7733fc2c924/node_modules/next/dist/next-devtools/userspace/app/errors/intercept-console-error.js:56
[ 1506242ms] [LOG] {file: Object} @ webpack-internal:///(app-pages-browser)/./node_modules/.pnpm/next@15.5.21_@opentelemetry+api@1.9.1_@playwright+test@1.60.0_@types+node@22.19.19_reac_f57555baa6effde8efe1c7733fc2c924/node_modules/next/dist/compiled/next-devtools/index.js:1630
[ 1595127ms] [ERROR] ./components/landing/LightboxProvider.tsx
Error:   × Merge conflict marker encountered.
   ╭─[/workspace/components/landing/LightboxProvider.tsx:6:1]
 3 │ import * as React from "react";
 4 │ import dynamic from "next/dynamic";
 5 │ import { Dialog, DialogContent, DialogHeader, DialogTitle, DialogDescription } from "@/components/ui/dialog";
 6 │ <<<<<<< HEAD
   · ───────
 7 │ import { HERO_COPY } from "@/lib/jeremy-data";
 8 │ =======
 9 │ >>>>>>> origin/main
   ╰────
  × Merge conflict marker encountered.
    ╭─[/workspace/components/landing/LightboxProvider.tsx:8:1]
  5 │ import { Dialog, DialogContent, DialogHeader, DialogTitle, DialogDescription } from "@/components/ui/dialog";
  6 │ <<<<<<< HEAD
  7 │ import { HERO_COPY } from "@/lib/jeremy-data";
  8 │ =======
    · ───────
  9 │ >>>>>>> origin/main
 10 │ 
 11 │ const LeadForm = dynamic(
    ╰────
  × Merge conflict marker encountered.
    ╭─[/workspace/components/landing/LightboxProvider.tsx:9:1]
  6 │ <<<<<<< HEAD
  7 │ import { HERO_COPY } from "@/lib/jeremy-data";
  8 │ =======
  9 │ >>>>>>> origin/main
    · ───────
 10 │ 
 11 │ const LeadForm = dynamic(
 12 │   () => import("@/components/landing/LeadForm").then((m) => m.LeadForm),
    ╰────
  × Merge conflict marker encountered.
    ╭─[/workspace/components/landing/LightboxProvider.tsx:43:1]
 40 │   },
 41 │   form: {
 42 │     title: "Send the job",
 43 │ <<<<<<< HEAD
    · ───────
 44 │     description: HERO_COPY.estimateHint,
 45 │ =======
 46 │     description: "I read this and reply with a price band. It is not an instant quote.",
    ╰────
  × Merge conflict marker encountered.
    ╭─[/workspace/components/landing/LightboxProvider.tsx:45:1]
 42 │     title: "Send the job",
 43 │ <<<<<<< HEAD
 44 │     description: HERO_COPY.estimateHint,
 45 │ =======
    · ───────
 46 │     description: "I read this and reply with a price band. It is not an instant quote.",
 47 │ >>>>>>> origin/main
 48 │   },
    ╰────
  × Merge conflict marker encountered.
    ╭─[/workspace/components/landing/LightboxProvider.tsx:47:1]
 44 │     description: HERO_COPY.estimateHint,
 45 │ =======
 46 │     description: "I read this and reply with a price band. It is not an instant quote.",
 47 │ >>>>>>> origin/main
    · ───────
 48 │   },
 49 │   email: {
 50 │     title: "Send a note",
    ╰────

Caused by:
    Syntax Error

Import trace for requested module:
./components/landing/LightboxProvider.tsx
./components/landing/SiteNav.tsx @ webpack-internal:///(app-pages-browser)/./node_modules/.pnpm/next@15.5.21_@opentelemetry+api@1.9.1_@playwright+test@1.60.0_@types+node@22.19.19_reac_f57555baa6effde8efe1c7733fc2c924/node_modules/next/dist/next-devtools/userspace/app/errors/intercept-console-error.js:56
[ 1595145ms] [ERROR] ./lib/jeremy-data.ts
Error:   × Merge conflict marker encountered.
     ╭─[/workspace/lib/jeremy-data.ts:429:1]
 426 │   {
 427 │     id: "workflow",
 428 │     name: "Single workflow",
 429 │ <<<<<<< HEAD
     · ───────
 430 │     price: "Price band after the call",
 431 │     summary: "One painful loop — dispatch, invoicing, intake — automated end to end.",
 432 │     detail:
     ╰────
  × Merge conflict marker encountered.
     ╭─[/workspace/lib/jeremy-data.ts:434:1]
 431 │     summary: "One painful loop — dispatch, invoicing, intake — automated end to end.",
 432 │     detail:
 433 │       "One loop, fixed price after we talk. I reply with a price band once the scope is real.",
 434 │ =======
     · ───────
 435 │     price: "Quoted after the call",
 436 │     summary: "One painful loop — dispatch, invoicing, intake — automated end to end.",
 437 │     detail:
     ╰────
  × Merge conflict marker encountered.
     ╭─[/workspace/lib/jeremy-data.ts:439:1]
 436 │     summary: "One painful loop — dispatch, invoicing, intake — automated end to end.",
 437 │     detail:
 438 │       "One loop, fixed price after we talk. I don't publish a band until the scope is real.",
 439 │ >>>>>>> origin/main
     · ───────
 440 │   },
 441 │   {
 442 │     id: "full-build",
     ╰────

Caused by:
    Syntax Error

Import trace for requested module:
./lib/jeremy-data.ts
./components/landing/SiteFooter.tsx @ webpack-internal:///(app-pages-browser)/./node_modules/.pnpm/next@15.5.21_@opentelemetry+api@1.9.1_@playwright+test@1.60.0_@types+node@22.19.19_reac_f57555baa6effde8efe1c7733fc2c924/node_modules/next/dist/next-devtools/userspace/app/errors/intercept-console-error.js:56
[ 1595146ms] [LOG] [Fast Refresh] rebuilding @ webpack-internal:///(app-pages-browser)/./node_modules/.pnpm/next@15.5.21_@opentelemetry+api@1.9.1_@playwright+test@1.60.0_@types+node@22.19.19_reac_f57555baa6effde8efe1c7733fc2c924/node_modules/next/dist/client/dev/hot-reloader/app/hot-reloader-app.js:196
[ 1606842ms] [LOG] [Fast Refresh] done in 11697ms @ webpack-internal:///(app-pages-browser)/./node_modules/.pnpm/next@15.5.21_@opentelemetry+api@1.9.1_@playwright+test@1.60.0_@types+node@22.19.19_reac_f57555baa6effde8efe1c7733fc2c924/node_modules/next/dist/client/dev/report-hmr-latency.js:13
[ 7765948ms] [LOG] [Fast Refresh] rebuilding @ webpack-internal:///(app-pages-browser)/./node_modules/.pnpm/next@15.5.21_@opentelemetry+api@1.9.1_@playwright+test@1.60.0_@types+node@22.19.19_reac_f57555baa6effde8efe1c7733fc2c924/node_modules/next/dist/client/dev/hot-reloader/app/hot-reloader-app.js:196
[ 7769899ms] [ERROR] ./components/intercom/IntercomSecureBoot.tsx
Error: 

Caused by:
    0: Failed to read source code from /workspace/components/intercom/IntercomSecureBoot.tsx
    1: No such file or directory (os error 2)

Import trace for requested module:
./components/intercom/IntercomSecureBoot.tsx
./components/analytics-provider.tsx @ webpack-internal:///(app-pages-browser)/./node_modules/.pnpm/next@15.5.21_@opentelemetry+api@1.9.1_@playwright+test@1.60.0_@types+node@22.19.19_reac_f57555baa6effde8efe1c7733fc2c924/node_modules/next/dist/next-devtools/userspace/app/errors/intercept-console-error.js:56
[ 7769905ms] [LOG] [Fast Refresh] done in 3957ms @ webpack-internal:///(app-pages-browser)/./node_modules/.pnpm/next@15.5.21_@opentelemetry+api@1.9.1_@playwright+test@1.60.0_@types+node@22.19.19_reac_f57555baa6effde8efe1c7733fc2c924/node_modules/next/dist/client/dev/report-hmr-latency.js:13
[ 7771704ms] [ERROR] ./components/intercom/IntercomSecureBoot.tsx
Error: 

Caused by:
    0: Failed to read source code from /workspace/components/intercom/IntercomSecureBoot.tsx
    1: No such file or directory (os error 2)

Import trace for requested module:
./components/intercom/IntercomSecureBoot.tsx
./components/analytics-provider.tsx @ webpack-internal:///(app-pages-browser)/./node_modules/.pnpm/next@15.5.21_@opentelemetry+api@1.9.1_@playwright+test@1.60.0_@types+node@22.19.19_reac_f57555baa6effde8efe1c7733fc2c924/node_modules/next/dist/next-devtools/userspace/app/errors/intercept-console-error.js:56
[ 7771994ms] [LOG] {file: Object} @ webpack-internal:///(app-pages-browser)/./node_modules/.pnpm/next@15.5.21_@opentelemetry+api@1.9.1_@playwright+test@1.60.0_@types+node@22.19.19_reac_f57555baa6effde8efe1c7733fc2c924/node_modules/next/dist/compiled/next-devtools/index.js:1630
[ 7773083ms] [ERROR] ./components/intercom/IntercomSecureBoot.tsx
Error: 

Caused by:
    0: Failed to read source code from /workspace/components/intercom/IntercomSecureBoot.tsx
    1: No such file or directory (os error 2)

Import trace for requested module:
./components/intercom/IntercomSecureBoot.tsx
./components/analytics-provider.tsx @ webpack-internal:///(app-pages-browser)/./node_modules/.pnpm/next@15.5.21_@opentelemetry+api@1.9.1_@playwright+test@1.60.0_@types+node@22.19.19_reac_f57555baa6effde8efe1c7733fc2c924/node_modules/next/dist/next-devtools/userspace/app/errors/intercept-console-error.js:56
[ 7773455ms] [LOG] {file: Object} @ webpack-internal:///(app-pages-browser)/./node_modules/.pnpm/next@15.5.21_@opentelemetry+api@1.9.1_@playwright+test@1.60.0_@types+node@22.19.19_reac_f57555baa6effde8efe1c7733fc2c924/node_modules/next/dist/compiled/next-devtools/index.js:1630
[ 7805956ms] [ERROR] Failed to load resource: the server responded with a status of 500 (Internal Server Error) @ http://127.0.0.1:3000/?_rsc=_mjR7ylJSLpkZcZ3:0
[ 7808085ms] [ERROR] Failed to load resource: the server responded with a status of 500 (Internal Server Error) @ http://127.0.0.1:3000/?_rsc=_mjR7ylJSLpkZcZ3:0
[ 7810122ms] [ERROR] Failed to load resource: the server responded with a status of 500 (Internal Server Error) @ http://127.0.0.1:3000/:0
[ 7810977ms] [INFO] %cDownload the React DevTools for a better development experience: https://react.dev/link/react-devtools font-weight:bold @ webpack-internal:///(pages-dir-browser)/./node_modules/.pnpm/react-dom@19.2.6_react@19.2.6/node_modules/react-dom/cjs/react-dom-client.development.js:28004
[ 7811152ms] ModuleBuildError: Module build failed (from ./node_modules/.pnpm/next@15.5.21_@opentelemetry+api@1.9.1_@playwright+test@1.60.0_@types+node@22.19.19_reac_f57555baa6effde8efe1c7733fc2c924/node_modules/next/dist/build/webpack/loaders/next-swc-loader.js):
Error: 

Caused by:
    0: Failed to read source code from /workspace/components/intercom/IntercomSecureBoot.tsx
    1: No such file or directory (os error 2)
    at processResult (file:///workspace/node_modules/.pnpm/next@15.5.21_@opentelemetry+api@1.9.1_@playwright+test@1.60.0_@types+node@22.19.19_reac_f57555baa6effde8efe1c7733fc2c924/node_modules/next/dist/compiled/webpack/bundle5.js:29:407086)
    at <unknown> (file:///workspace/node_modules/.pnpm/next@15.5.21_@opentelemetry+api@1.9.1_@playwright+test@1.60.0_@types+node@22.19.19_reac_f57555baa6effde8efe1c7733fc2c924/node_modules/next/dist/compiled/webpack/bundle5.js:29:408881)
    at <unknown> (file:///workspace/node_modules/.pnpm/next@15.5.21_@opentelemetry+api@1.9.1_@playwright+test@1.60.0_@types+node@22.19.19_reac_f57555baa6effde8efe1c7733fc2c924/node_modules/next/dist/compiled/loader-runner/LoaderRunner.js:1:8645)
    at <unknown> (file:///workspace/node_modules/.pnpm/next@15.5.21_@opentelemetry+api@1.9.1_@playwright+test@1.60.0_@types+node@22.19.19_reac_f57555baa6effde8efe1c7733fc2c924/node_modules/next/dist/compiled/loader-runner/LoaderRunner.js:1:5019)
    at r.callback (file:///workspace/node_modules/.pnpm/next@15.5.21_@opentelemetry+api@1.9.1_@playwright+test@1.60.0_@types+node@22.19.19_reac_f57555baa6effde8efe1c7733fc2c924/node_modules/next/dist/compiled/loader-runner/LoaderRunner.js:1:4039)
[ 7811883ms] [LOG] [HMR] connected @ webpack-internal:///(pages-dir-browser)/./node_modules/.pnpm/next@15.5.21_@opentelemetry+api@1.9.1_@playwright+test@1.60.0_@types+node@22.19.19_reac_f57555baa6effde8efe1c7733fc2c924/node_modules/next/dist/client/dev/hot-reloader/pages/websocket.js:45
[ 7811896ms] [ERROR] ./components/intercom/IntercomSecureBoot.tsx
Error: 

Caused by:
    0: Failed to read source code from /workspace/components/intercom/IntercomSecureBoot.tsx
    1: No such file or directory (os error 2) @ webpack-internal:///(pages-dir-browser)/./node_modules/.pnpm/next@15.5.21_@opentelemetry+api@1.9.1_@playwright+test@1.60.0_@types+node@22.19.19_reac_f57555baa6effde8efe1c7733fc2c924/node_modules/next/dist/next-devtools/userspace/pages/pages-dev-overlay-setup.js:76
[ 7811942ms] [LOG] {file: Object} @ webpack-internal:///(pages-dir-browser)/./node_modules/.pnpm/next@15.5.21_@opentelemetry+api@1.9.1_@playwright+test@1.60.0_@types+node@22.19.19_reac_f57555baa6effde8efe1c7733fc2c924/node_modules/next/dist/compiled/next-devtools/index.js:1630
[ 7812397ms] [ERROR] ./components/intercom/IntercomSecureBoot.tsx
Error: 

Caused by:
    0: Failed to read source code from /workspace/components/intercom/IntercomSecureBoot.tsx
    1: No such file or directory (os error 2)

Import trace for requested module:
./components/intercom/IntercomSecureBoot.tsx
./components/analytics-provider.tsx @ webpack-internal:///(pages-dir-browser)/./node_modules/.pnpm/next@15.5.21_@opentelemetry+api@1.9.1_@playwright+test@1.60.0_@types+node@22.19.19_reac_f57555baa6effde8efe1c7733fc2c924/node_modules/next/dist/next-devtools/userspace/pages/pages-dev-overlay-setup.js:76
[ 7812398ms] [LOG] {file: Object} @ webpack-internal:///(pages-dir-browser)/./node_modules/.pnpm/next@15.5.21_@opentelemetry+api@1.9.1_@playwright+test@1.60.0_@types+node@22.19.19_reac_f57555baa6effde8efe1c7733fc2c924/node_modules/next/dist/compiled/next-devtools/index.js:1630
[ 7812412ms] [ERROR] ./components/intercom/IntercomSecureBoot.tsx
Error: 

Caused by:
    0: Failed to read source code from /workspace/components/intercom/IntercomSecureBoot.tsx
    1: No such file or directory (os error 2)

Import trace for requested module:
./components/intercom/IntercomSecureBoot.tsx
./components/analytics-provider.tsx @ webpack-internal:///(pages-dir-browser)/./node_modules/.pnpm/next@15.5.21_@opentelemetry+api@1.9.1_@playwright+test@1.60.0_@types+node@22.19.19_reac_f57555baa6effde8efe1c7733fc2c924/node_modules/next/dist/next-devtools/userspace/pages/pages-dev-overlay-setup.js:76
[ 7812776ms] [ERROR] ./components/intercom/IntercomSecureBoot.tsx
Error: 

Caused by:
    0: Failed to read source code from /workspace/components/intercom/IntercomSecureBoot.tsx
    1: No such file or directory (os error 2)

Import trace for requested module:
./components/intercom/IntercomSecureBoot.tsx
./components/analytics-provider.tsx @ webpack-internal:///(pages-dir-browser)/./node_modules/.pnpm/next@15.5.21_@opentelemetry+api@1.9.1_@playwright+test@1.60.0_@types+node@22.19.19_reac_f57555baa6effde8efe1c7733fc2c924/node_modules/next/dist/next-devtools/userspace/pages/pages-dev-overlay-setup.js:76
[ 7812823ms] [ERROR] Failed to load resource: the server responded with a status of 404 (Not Found) @ http://127.0.0.1:3000/favicon.ico:0
[ 7841743ms] [ERROR] ./components/intercom/IntercomSecureBoot.tsx
Error: 

Caused by:
    0: Failed to read source code from /workspace/components/intercom/IntercomSecureBoot.tsx
    1: No such file or directory (os error 2)

Import trace for requested module:
./components/intercom/IntercomSecureBoot.tsx
./components/analytics-provider.tsx @ webpack-internal:///(pages-dir-browser)/./node_modules/.pnpm/next@15.5.21_@opentelemetry+api@1.9.1_@playwright+test@1.60.0_@types+node@22.19.19_reac_f57555baa6effde8efe1c7733fc2c924/node_modules/next/dist/next-devtools/userspace/pages/pages-dev-overlay-setup.js:76
[ 7841743ms] [LOG] [Fast Refresh] rebuilding @ webpack-internal:///(pages-dir-browser)/./node_modules/.pnpm/next@15.5.21_@opentelemetry+api@1.9.1_@playwright+test@1.60.0_@types+node@22.19.19_reac_f57555baa6effde8efe1c7733fc2c924/node_modules/next/dist/client/dev/hot-reloader/pages/hot-reloader-pages.js:206
[ 7843019ms] [ERROR] ./components/intercom/IntercomSecureBoot.tsx
Error: 

Caused by:
    0: Failed to read source code from /workspace/components/intercom/IntercomSecureBoot.tsx
    1: No such file or directory (os error 2)

Import trace for requested module:
./components/intercom/IntercomSecureBoot.tsx
./components/analytics-provider.tsx @ webpack-internal:///(pages-dir-browser)/./node_modules/.pnpm/next@15.5.21_@opentelemetry+api@1.9.1_@playwright+test@1.60.0_@types+node@22.19.19_reac_f57555baa6effde8efe1c7733fc2c924/node_modules/next/dist/next-devtools/userspace/pages/pages-dev-overlay-setup.js:76
[ 7852510ms] [ERROR] ./components/intercom/IntercomSecureBoot.tsx
Error: 

Caused by:
    0: Failed to read source code from /workspace/components/intercom/IntercomSecureBoot.tsx
    1: No such file or directory (os error 2)

Import trace for requested module:
./components/intercom/IntercomSecureBoot.tsx
./components/analytics-provider.tsx @ webpack-internal:///(pages-dir-browser)/./node_modules/.pnpm/next@15.5.21_@opentelemetry+api@1.9.1_@playwright+test@1.60.0_@types+node@22.19.19_reac_f57555baa6effde8efe1c7733fc2c924/node_modules/next/dist/next-devtools/userspace/pages/pages-dev-overlay-setup.js:76
[ 7852511ms] [LOG] [Fast Refresh] rebuilding @ webpack-internal:///(pages-dir-browser)/./node_modules/.pnpm/next@15.5.21_@opentelemetry+api@1.9.1_@playwright+test@1.60.0_@types+node@22.19.19_reac_f57555baa6effde8efe1c7733fc2c924/node_modules/next/dist/client/dev/hot-reloader/pages/hot-reloader-pages.js:206
[ 7853339ms] [ERROR] ./components/intercom/IntercomSecureBoot.tsx
Error: 

Caused by:
    0: Failed to read source code from /workspace/components/intercom/IntercomSecureBoot.tsx
    1: No such file or directory (os error 2)

Import trace for requested module:
./components/intercom/IntercomSecureBoot.tsx
./components/analytics-provider.tsx @ webpack-internal:///(pages-dir-browser)/./node_modules/.pnpm/next@15.5.21_@opentelemetry+api@1.9.1_@playwright+test@1.60.0_@types+node@22.19.19_reac_f57555baa6effde8efe1c7733fc2c924/node_modules/next/dist/next-devtools/userspace/pages/pages-dev-overlay-setup.js:76
[ 7858810ms] [ERROR] ./components/intercom/IntercomSecureBoot.tsx
Error: 

Caused by:
    0: Failed to read source code from /workspace/components/intercom/IntercomSecureBoot.tsx
    1: No such file or directory (os error 2)

Import trace for requested module:
./components/intercom/IntercomSecureBoot.tsx
./components/analytics-provider.tsx @ webpack-internal:///(pages-dir-browser)/./node_modules/.pnpm/next@15.5.21_@opentelemetry+api@1.9.1_@playwright+test@1.60.0_@types+node@22.19.19_reac_f57555baa6effde8efe1c7733fc2c924/node_modules/next/dist/next-devtools/userspace/pages/pages-dev-overlay-setup.js:76
[ 7858810ms] [LOG] [Fast Refresh] rebuilding @ webpack-internal:///(pages-dir-browser)/./node_modules/.pnpm/next@15.5.21_@opentelemetry+api@1.9.1_@playwright+test@1.60.0_@types+node@22.19.19_reac_f57555baa6effde8efe1c7733fc2c924/node_modules/next/dist/client/dev/hot-reloader/pages/hot-reloader-pages.js:206
[ 7863863ms] [ERROR] Failed to load resource: the server responded with a status of 404 (Not Found) @ http://127.0.0.1:3000/_next/static/webpack/60c9da5c2543b377.webpack.hot-update.json:0
[ 7863864ms] [WARNING] [Fast Refresh] performing full reload because your application had an unrecoverable error @ webpack-internal:///(pages-dir-browser)/./node_modules/.pnpm/next@15.5.21_@opentelemetry+api@1.9.1_@playwright+test@1.60.0_@types+node@22.19.19_reac_f57555baa6effde8efe1c7733fc2c924/node_modules/next/dist/client/dev/hot-reloader/pages/hot-reloader-pages.js:347
[ 7865557ms] [LOG] [Fast Refresh] rebuilding @ webpack-internal:///(pages-dir-browser)/./node_modules/.pnpm/next@15.5.21_@opentelemetry+api@1.9.1_@playwright+test@1.60.0_@types+node@22.19.19_reac_f57555baa6effde8efe1c7733fc2c924/node_modules/next/dist/client/dev/hot-reloader/pages/hot-reloader-pages.js:206
[ 7885974ms] [INFO] %cDownload the React DevTools for a better development experience: https://react.dev/link/react-devtools font-weight:bold @ webpack-internal:///(app-pages-browser)/./node_modules/.pnpm/next@15.5.21_@opentelemetry+api@1.9.1_@playwright+test@1.60.0_@types+node@22.19.19_reac_f57555baa6effde8efe1c7733fc2c924/node_modules/next/dist/compiled/react-dom/cjs/react-dom-client.development.js:25630
[ 7910791ms] [LOG] [Fast Refresh] rebuilding @ webpack-internal:///(app-pages-browser)/./node_modules/.pnpm/next@15.5.21_@opentelemetry+api@1.9.1_@playwright+test@1.60.0_@types+node@22.19.19_reac_f57555baa6effde8efe1c7733fc2c924/node_modules/next/dist/client/dev/hot-reloader/app/hot-reloader-app.js:196
[ 7911165ms] [LOG] [Fast Refresh] rebuilding @ webpack-internal:///(app-pages-browser)/./node_modules/.pnpm/next@15.5.21_@opentelemetry+api@1.9.1_@playwright+test@1.60.0_@types+node@22.19.19_reac_f57555baa6effde8efe1c7733fc2c924/node_modules/next/dist/client/dev/hot-reloader/app/hot-reloader-app.js:196
[ 7911188ms] [LOG] [Fast Refresh] done in 23ms @ webpack-internal:///(app-pages-browser)/./node_modules/.pnpm/next@15.5.21_@opentelemetry+api@1.9.1_@playwright+test@1.60.0_@types+node@22.19.19_reac_f57555baa6effde8efe1c7733fc2c924/node_modules/next/dist/client/dev/report-hmr-latency.js:13
[ 7911939ms] [LOG] [Fast Refresh] done in 775ms @ webpack-internal:///(app-pages-browser)/./node_modules/.pnpm/next@15.5.21_@opentelemetry+api@1.9.1_@playwright+test@1.60.0_@types+node@22.19.19_reac_f57555baa6effde8efe1c7733fc2c924/node_modules/next/dist/client/dev/report-hmr-latency.js:13
[ 7953301ms] [LOG] [Fast Refresh] rebuilding @ webpack-internal:///(app-pages-browser)/./node_modules/.pnpm/next@15.5.21_@opentelemetry+api@1.9.1_@playwright+test@1.60.0_@types+node@22.19.19_reac_f57555baa6effde8efe1c7733fc2c924/node_modules/next/dist/client/dev/hot-reloader/app/hot-reloader-app.js:196
[ 7953534ms] [LOG] [Fast Refresh] done in 233ms @ webpack-internal:///(app-pages-browser)/./node_modules/.pnpm/next@15.5.21_@opentelemetry+api@1.9.1_@playwright+test@1.60.0_@types+node@22.19.19_reac_f57555baa6effde8efe1c7733fc2c924/node_modules/next/dist/client/dev/report-hmr-latency.js:13
[ 7956105ms] [LOG] [Fast Refresh] rebuilding @ webpack-internal:///(app-pages-browser)/./node_modules/.pnpm/next@15.5.21_@opentelemetry+api@1.9.1_@playwright+test@1.60.0_@types+node@22.19.19_reac_f57555baa6effde8efe1c7733fc2c924/node_modules/next/dist/client/dev/hot-reloader/app/hot-reloader-app.js:196
[ 7956253ms] [LOG] [Fast Refresh] done in 148ms @ webpack-internal:///(app-pages-browser)/./node_modules/.pnpm/next@15.5.21_@opentelemetry+api@1.9.1_@playwright+test@1.60.0_@types+node@22.19.19_reac_f57555baa6effde8efe1c7733fc2c924/node_modules/next/dist/client/dev/report-hmr-latency.js:13
[ 7962825ms] [LOG] [Fast Refresh] rebuilding @ webpack-internal:///(app-pages-browser)/./node_modules/.pnpm/next@15.5.21_@opentelemetry+api@1.9.1_@playwright+test@1.60.0_@types+node@22.19.19_reac_f57555baa6effde8efe1c7733fc2c924/node_modules/next/dist/client/dev/hot-reloader/app/hot-reloader-app.js:196
[ 7962967ms] [LOG] [Fast Refresh] done in 141ms @ webpack-internal:///(app-pages-browser)/./node_modules/.pnpm/next@15.5.21_@opentelemetry+api@1.9.1_@playwright+test@1.60.0_@types+node@22.19.19_reac_f57555baa6effde8efe1c7733fc2c924/node_modules/next/dist/client/dev/report-hmr-latency.js:13
