[     916ms] [INFO] %cDownload the React DevTools for a better development experience: https://react.dev/link/react-devtools font-weight:bold @ webpack-internal:///(app-pages-browser)/./node_modules/.pnpm/next@15.5.21_@opentelemetry+api@1.9.1_@playwright+test@1.60.0_@types+node@22.19.19_reac_f57555baa6effde8efe1c7733fc2c924/node_modules/next/dist/compiled/react-dom/cjs/react-dom-client.development.js:25630
[   40579ms] [ERROR] Loading the script 'http://localhost:8400/detect.js' violates the following Content Security Policy directive: "script-src 'self' 'unsafe-inline' 'unsafe-eval' https://*.posthog.com https://app.posthog.com https://cdn.mxpnl.com https://*.googletagmanager.com https://www.google-analytics.com https://js.stripe.com https://embed.typeform.com https://*.apollo.io https://assets.calendly.com https://www.datadoghq-browser-agent.com https://va.vercel-scripts.com https://widget.intercom.io https://js.intercomcdn.com https://cdn.amplitude.com". Note that 'script-src-elem' was not explicitly set, so 'script-src' is used as a fallback. The action has been blocked. @ :0
[  410516ms] [LOG] %cdark-glow%c Zero-offset box-shadow glow (#4ade80) color: oklch(84% 0.19 80.46); font-weight: bold color: inherit JSHandle@node @ /tmp/impeccable-detect.js:3556
[  410517ms] [LOG] %ctext-overflow%c span.truncate.max-w-[180px] overflows its box by 26px color: oklch(84% 0.19 80.46); font-weight: bold color: inherit JSHandle@node @ /tmp/impeccable-detect.js:3556
[  410517ms] [LOG] %ctight-leading%c line-height 1.11x (need >=1.3) color: oklch(84% 0.19 80.46); font-weight: bold color: inherit JSHandle@node @ /tmp/impeccable-detect.js:3556
[  410517ms] [LOG] %cradial-spotlight-glow%c radial-gradient spotlight glow "pointer-events-none" (#5c50d7 a0.09 → transparent) on 341x492 surface color: oklch(84% 0.19 80.46); font-weight: bold color: inherit JSHandle@node @ /tmp/impeccable-detect.js:3556
[  410517ms] [LOG] %cgpt-thin-border-wide-shadow%c 1.01587px border + 50px shadow blur color: oklch(84% 0.19 80.46); font-weight: bold color: inherit JSHandle@node @ /tmp/impeccable-detect.js:3556
[  410517ms] [LOG] %cflat-type-hierarchy%c Role sizes: body 16px, h1 16px, h3 16px (largest adjacent step 1.00:1; target 1.25:1) color: oklch(84% 0.19 80.46); font-weight: bold color: inherit JSHandle@node @ /tmp/impeccable-detect.js:3556
[  410517ms] [LOG] %cem-dash-overuse%c 11 em-dashes in body text color: oklch(84% 0.19 80.46); font-weight: bold color: inherit JSHandle@node @ /tmp/impeccable-detect.js:3556
[  410517ms] [LOG] %clayout-transition%c transition: height color: oklch(84% 0.19 80.46); font-weight: bold color: inherit JSHandle@node @ /tmp/impeccable-detect.js:3556
[  410517ms] [LOG] %cpulsing-dot%c animate-pulse on tiny rounded-full element in header/nav color: oklch(84% 0.19 80.46); font-weight: bold color: inherit JSHandle@node @ /tmp/impeccable-detect.js:3556
[  410517ms] [LOG] %cpulsing-dot%c animate-pulse on tiny rounded-full element color: oklch(84% 0.19 80.46); font-weight: bold color: inherit JSHandle@node @ /tmp/impeccable-detect.js:3556
[  410517ms] [LOG] %cpulsing-dot%c animate-pulse on tiny rounded-full element color: oklch(84% 0.19 80.46); font-weight: bold color: inherit JSHandle@node @ /tmp/impeccable-detect.js:3556
[  410517ms] [LOG] %cshape-assembled-illustration%c inline <svg> scene: 10 primitive shapes, ~500x500px, 5 fill colors color: oklch(84% 0.19 80.46); font-weight: bold color: inherit JSHandle@node @ /tmp/impeccable-detect.js:3556
[  410517ms] [LOG] %cshape-assembled-illustration%c inline <svg> scene: 10 primitive shapes, ~500x500px, 5 fill colors color: oklch(84% 0.19 80.46); font-weight: bold color: inherit JSHandle@node @ /tmp/impeccable-detect.js:3556
[  410517ms] [LOG] %cshape-assembled-illustration%c inline <svg> scene: 10 primitive shapes, ~500x500px, 5 fill colors color: oklch(84% 0.19 80.46); font-weight: bold color: inherit JSHandle@node @ /tmp/impeccable-detect.js:3556
[  410517ms] [LOG] %ctheater-slop-phrase%c "No theater" color: oklch(84% 0.19 80.46); font-weight: bold color: inherit JSHandle@node @ /tmp/impeccable-detect.js:3556
[  410517ms] [LOG] %ckicker-above-heading%c kicker "Services" above h2 "Four things, done well —built on partnership." color: oklch(84% 0.19 80.46); font-weight: bold color: inherit JSHandle@node @ /tmp/impeccable-detect.js:3556
[  410517ms] [LOG] %ckicker-above-heading%c kicker "The process" above h2 "Three steps. No theater." color: oklch(84% 0.19 80.46); font-weight: bold color: inherit JSHandle@node @ /tmp/impeccable-detect.js:3556
[  410517ms] [LOG] %ckicker-above-heading%c kicker "Questions" above h2 "Everythingyou need to know." color: oklch(84% 0.19 80.46); font-weight: bold color: inherit JSHandle@node @ /tmp/impeccable-detect.js:3556
[  410517ms] [LOG] %ckicker-above-heading%c kicker "Ready to ship?" above h2 "Let's build the thing." color: oklch(84% 0.19 80.46); font-weight: bold color: inherit JSHandle@node @ /tmp/impeccable-detect.js:3556
[ 1132240ms] [LOG] [Fast Refresh] rebuilding @ webpack-internal:///(app-pages-browser)/./node_modules/.pnpm/next@15.5.21_@opentelemetry+api@1.9.1_@playwright+test@1.60.0_@types+node@22.19.19_reac_f57555baa6effde8efe1c7733fc2c924/node_modules/next/dist/client/dev/hot-reloader/app/hot-reloader-app.js:196
[ 1135430ms] [LOG] [Fast Refresh] done in 3190ms @ webpack-internal:///(app-pages-browser)/./node_modules/.pnpm/next@15.5.21_@opentelemetry+api@1.9.1_@playwright+test@1.60.0_@types+node@22.19.19_reac_f57555baa6effde8efe1c7733fc2c924/node_modules/next/dist/client/dev/report-hmr-latency.js:13
[ 1143353ms] [LOG] [Fast Refresh] rebuilding @ webpack-internal:///(app-pages-browser)/./node_modules/.pnpm/next@15.5.21_@opentelemetry+api@1.9.1_@playwright+test@1.60.0_@types+node@22.19.19_reac_f57555baa6effde8efe1c7733fc2c924/node_modules/next/dist/client/dev/hot-reloader/app/hot-reloader-app.js:196
[ 1148124ms] [LOG] [Fast Refresh] rebuilding @ webpack-internal:///(app-pages-browser)/./node_modules/.pnpm/next@15.5.21_@opentelemetry+api@1.9.1_@playwright+test@1.60.0_@types+node@22.19.19_reac_f57555baa6effde8efe1c7733fc2c924/node_modules/next/dist/client/dev/hot-reloader/app/hot-reloader-app.js:196
[ 1148133ms] [LOG] [Fast Refresh] done in 8ms @ webpack-internal:///(app-pages-browser)/./node_modules/.pnpm/next@15.5.21_@opentelemetry+api@1.9.1_@playwright+test@1.60.0_@types+node@22.19.19_reac_f57555baa6effde8efe1c7733fc2c924/node_modules/next/dist/client/dev/report-hmr-latency.js:13
[ 1152121ms] TypeError: Cannot read properties of undefined (reading 'call')
    at options.factory (http://localhost:3000/_next/static/chunks/webpack.js?v=1791347885540:709:31)
    at __webpack_require__ (http://localhost:3000/_next/static/chunks/webpack.js?v=1791347885540:29:33)
    at fn (http://localhost:3000/_next/static/chunks/webpack.js?v=1791347885540:366:21)
    at requireModule (webpack-internal:///(app-pages-browser)/./node_modules/.pnpm/next@15.5.21_@opentelemetry+api@1.9.1_@playwright+test@1.60.0_@types+node@22.19.19_reac_f57555baa6effde8efe1c7733fc2c924/node_modules/next/dist/compiled/react-server-dom-webpack/cjs/react-server-dom-webpack-client.browser.development.js:100:27)
    at initializeModuleChunk (webpack-internal:///(app-pages-browser)/./node_modules/.pnpm/next@15.5.21_@opentelemetry+api@1.9.1_@playwright+test@1.60.0_@types+node@22.19.19_reac_f57555baa6effde8efe1c7733fc2c924/node_modules/next/dist/compiled/react-server-dom-webpack/cjs/react-server-dom-webpack-client.browser.development.js:1299:21)
    at readChunk (webpack-internal:///(app-pages-browser)/./node_modules/.pnpm/next@15.5.21_@opentelemetry+api@1.9.1_@playwright+test@1.60.0_@types+node@22.19.19_reac_f57555baa6effde8efe1c7733fc2c924/node_modules/next/dist/compiled/react-server-dom-webpack/cjs/react-server-dom-webpack-client.browser.development.js:953:11)
    at Object.react_stack_bottom_frame (webpack-internal:///(app-pages-browser)/./node_modules/.pnpm/next@15.5.21_@opentelemetry+api@1.9.1_@playwright+test@1.60.0_@types+node@22.19.19_reac_f57555baa6effde8efe1c7733fc2c924/node_modules/next/dist/compiled/react-dom/cjs/react-dom-client.development.js:23691:18)
    at resolveLazy (webpack-internal:///(app-pages-browser)/./node_modules/.pnpm/next@15.5.21_@opentelemetry+api@1.9.1_@playwright+test@1.60.0_@types+node@22.19.19_reac_f57555baa6effde8efe1c7733fc2c924/node_modules/next/dist/compiled/react-dom/cjs/react-dom-client.development.js:5177:16)
    at updateElement (webpack-internal:///(app-pages-browser)/./node_modules/.pnpm/next@15.5.21_@opentelemetry+api@1.9.1_@playwright+test@1.60.0_@types+node@22.19.19_reac_f57555baa6effde8efe1c7733fc2c924/node_modules/next/dist/compiled/react-dom/cjs/react-dom-client.development.js:5393:15)
    at updateSlot (webpack-internal:///(app-pages-browser)/./node_modules/.pnpm/next@15.5.21_@opentelemetry+api@1.9.1_@playwright+test@1.60.0_@types+node@22.19.19_reac_f57555baa6effde8efe1c7733fc2c924/node_modules/next/dist/compiled/react-dom/cjs/react-dom-client.development.js:5554:34)
    at reconcileChildrenArray (webpack-internal:///(app-pages-browser)/./node_modules/.pnpm/next@15.5.21_@opentelemetry+api@1.9.1_@playwright+test@1.60.0_@types+node@22.19.19_reac_f57555baa6effde8efe1c7733fc2c924/node_modules/next/dist/compiled/react-dom/cjs/react-dom-client.development.js:5766:26)
    at reconcileChildFibersImpl (webpack-internal:///(app-pages-browser)/./node_modules/.pnpm/next@15.5.21_@opentelemetry+api@1.9.1_@playwright+test@1.60.0_@types+node@22.19.19_reac_f57555baa6effde8efe1c7733fc2c924/node_modules/next/dist/compiled/react-dom/cjs/react-dom-client.development.js:6124:30)
    at eval (webpack-internal:///(app-pages-browser)/./node_modules/.pnpm/next@15.5.21_@opentelemetry+api@1.9.1_@playwright+test@1.60.0_@types+node@22.19.19_reac_f57555baa6effde8efe1c7733fc2c924/node_modules/next/dist/compiled/react-dom/cjs/react-dom-client.development.js:6229:33)
    at reconcileChildren (webpack-internal:///(app-pages-browser)/./node_modules/.pnpm/next@15.5.21_@opentelemetry+api@1.9.1_@playwright+test@1.60.0_@types+node@22.19.19_reac_f57555baa6effde8efe1c7733fc2c924/node_modules/next/dist/compiled/react-dom/cjs/react-dom-client.development.js:8784:13)
    at beginWork (webpack-internal:///(app-pages-browser)/./node_modules/.pnpm/next@15.5.21_@opentelemetry+api@1.9.1_@playwright+test@1.60.0_@types+node@22.19.19_reac_f57555baa6effde8efe1c7733fc2c924/node_modules/next/dist/compiled/react-dom/cjs/react-dom-client.development.js:11206:13)
    at runWithFiberInDEV (webpack-internal:///(app-pages-browser)/./node_modules/.pnpm/next@15.5.21_@opentelemetry+api@1.9.1_@playwright+test@1.60.0_@types+node@22.19.19_reac_f57555baa6effde8efe1c7733fc2c924/node_modules/next/dist/compiled/react-dom/cjs/react-dom-client.development.js:872:30)
    at performUnitOfWork (webpack-internal:///(app-pages-browser)/./node_modules/.pnpm/next@15.5.21_@opentelemetry+api@1.9.1_@playwright+test@1.60.0_@types+node@22.19.19_reac_f57555baa6effde8efe1c7733fc2c924/node_modules/next/dist/compiled/react-dom/cjs/react-dom-client.development.js:15727:22)
    at workLoopConcurrentByScheduler (webpack-internal:///(app-pages-browser)/./node_modules/.pnpm/next@15.5.21_@opentelemetry+api@1.9.1_@playwright+test@1.60.0_@types+node@22.19.19_reac_f57555baa6effde8efe1c7733fc2c924/node_modules/next/dist/compiled/react-dom/cjs/react-dom-client.development.js:15721:9)
    at renderRootConcurrent (webpack-internal:///(app-pages-browser)/./node_modules/.pnpm/next@15.5.21_@opentelemetry+api@1.9.1_@playwright+test@1.60.0_@types+node@22.19.19_reac_f57555baa6effde8efe1c7733fc2c924/node_modules/next/dist/compiled/react-dom/cjs/react-dom-client.development.js:15696:15)
    at performWorkOnRoot (webpack-internal:///(app-pages-browser)/./node_modules/.pnpm/next@15.5.21_@opentelemetry+api@1.9.1_@playwright+test@1.60.0_@types+node@22.19.19_reac_f57555baa6effde8efe1c7733fc2c924/node_modules/next/dist/compiled/react-dom/cjs/react-dom-client.development.js:14990:13)
    at performWorkOnRootViaSchedulerTask (webpack-internal:///(app-pages-browser)/./node_modules/.pnpm/next@15.5.21_@opentelemetry+api@1.9.1_@playwright+test@1.60.0_@types+node@22.19.19_reac_f57555baa6effde8efe1c7733fc2c924/node_modules/next/dist/compiled/react-dom/cjs/react-dom-client.development.js:16816:7)
    at MessagePort.performWorkUntilDeadline (webpack-internal:///(app-pages-browser)/./node_modules/.pnpm/next@15.5.21_@opentelemetry+api@1.9.1_@playwright+test@1.60.0_@types+node@22.19.19_reac_f57555baa6effde8efe1c7733fc2c924/node_modules/next/dist/compiled/scheduler/cjs/scheduler.development.js:45:48)
[ 1152126ms] [ERROR] [dobeu] global error: TypeError: Cannot read properties of undefined (reading 'call')
    at options.factory (http://localhost:3000/_next/static/chunks/webpack.js?v=1791347885540:709:31)
    at __webpack_require__ (http://localhost:3000/_next/static/chunks/webpack.js?v=1791347885540:29:33)
    at fn (http://localhost:3000/_next/static/chunks/webpack.js?v=1791347885540:366:21)
    at requireModule (webpack-internal:///(app-pages-browser)/./node_modules/.pnpm/next@15.5.21_@opentelemetry+api@1.9.1_@playwright+test@1.60.0_@types+node@22.19.19_reac_f57555baa6effde8efe1c7733fc2c924/node_modules/next/dist/compiled/react-server-dom-webpack/cjs/react-server-dom-webpack-client.browser.development.js:100:27)
    at initializeModuleChunk (webpack-internal:///(app-pages-browser)/./node_modules/.pnpm/next@15.5.21_@opentelemetry+api@1.9.1_@playwright+test@1.60.0_@types+node@22.19.19_reac_f57555baa6effde8efe1c7733fc2c924/node_modules/next/dist/compiled/react-server-dom-webpack/cjs/react-server-dom-webpack-client.browser.development.js:1299:21)
    at readChunk (webpack-internal:///(app-pages-browser)/./node_modules/.pnpm/next@15.5.21_@opentelemetry+api@1.9.1_@playwright+test@1.60.0_@types+node@22.19.19_reac_f57555baa6effde8efe1c7733fc2c924/node_modules/next/dist/compiled/react-server-dom-webpack/cjs/react-server-dom-webpack-client.browser.development.js:953:11)
    at Object.react_stack_bottom_frame (webpack-internal:///(app-pages-browser)/./node_modules/.pnpm/next@15.5.21_@opentelemetry+api@1.9.1_@playwright+test@1.60.0_@types+node@22.19.19_reac_f57555baa6effde8efe1c7733fc2c924/node_modules/next/dist/compiled/react-dom/cjs/react-dom-client.development.js:23691:18)
    at resolveLazy (webpack-internal:///(app-pages-browser)/./node_modules/.pnpm/next@15.5.21_@opentelemetry+api@1.9.1_@playwright+test@1.60.0_@types+node@22.19.19_reac_f57555baa6effde8efe1c7733fc2c924/node_modules/next/dist/compiled/react-dom/cjs/react-dom-client.development.js:5177:16)
    at updateElement (webpack-internal:///(app-pages-browser)/./node_modules/.pnpm/next@15.5.21_@opentelemetry+api@1.9.1_@playwright+test@1.60.0_@types+node@22.19.19_reac_f57555baa6effde8efe1c7733fc2c924/node_modules/next/dist/compiled/react-dom/cjs/react-dom-client.development.js:5393:15)
    at updateSlot (webpack-internal:///(app-pages-browser)/./node_modules/.pnpm/next@15.5.21_@opentelemetry+api@1.9.1_@playwright+test@1.60.0_@types+node@22.19.19_reac_f57555baa6effde8efe1c7733fc2c924/node_modules/next/dist/compiled/react-dom/cjs/react-dom-client.development.js:5554:34)
    at reconcileChildrenArray (webpack-internal:///(app-pages-browser)/./node_modules/.pnpm/next@15.5.21_@opentelemetry+api@1.9.1_@playwright+test@1.60.0_@types+node@22.19.19_reac_f57555baa6effde8efe1c7733fc2c924/node_modules/next/dist/compiled/react-dom/cjs/react-dom-client.development.js:5766:26)
    at reconcileChildFibersImpl (webpack-internal:///(app-pages-browser)/./node_modules/.pnpm/next@15.5.21_@opentelemetry+api@1.9.1_@playwright+test@1.60.0_@types+node@22.19.19_reac_f57555baa6effde8efe1c7733fc2c924/node_modules/next/dist/compiled/react-dom/cjs/react-dom-client.development.js:6124:30)
    at eval (webpack-internal:///(app-pages-browser)/./node_modules/.pnpm/next@15.5.21_@opentelemetry+api@1.9.1_@playwright+test@1.60.0_@types+node@22.19.19_reac_f57555baa6effde8efe1c7733fc2c924/node_modules/next/dist/compiled/react-dom/cjs/react-dom-client.development.js:6229:33)
    at reconcileChildren (webpack-internal:///(app-pages-browser)/./node_modules/.pnpm/next@15.5.21_@opentelemetry+api@1.9.1_@playwright+test@1.60.0_@types+node@22.19.19_reac_f57555baa6effde8efe1c7733fc2c924/node_modules/next/dist/compiled/react-dom/cjs/react-dom-client.development.js:8784:13)
    at beginWork (webpack-internal:///(app-pages-browser)/./node_modules/.pnpm/next@15.5.21_@opentelemetry+api@1.9.1_@playwright+test@1.60.0_@types+node@22.19.19_reac_f57555baa6effde8efe1c7733fc2c924/node_modules/next/dist/compiled/react-dom/cjs/react-dom-client.development.js:11206:13)
    at runWithFiberInDEV (webpack-internal:///(app-pages-browser)/./node_modules/.pnpm/next@15.5.21_@opentelemetry+api@1.9.1_@playwright+test@1.60.0_@types+node@22.19.19_reac_f57555baa6effde8efe1c7733fc2c924/node_modules/next/dist/compiled/react-dom/cjs/react-dom-client.development.js:872:30)
    at performUnitOfWork (webpack-internal:///(app-pages-browser)/./node_modules/.pnpm/next@15.5.21_@opentelemetry+api@1.9.1_@playwright+test@1.60.0_@types+node@22.19.19_reac_f57555baa6effde8efe1c7733fc2c924/node_modules/next/dist/compiled/react-dom/cjs/react-dom-client.development.js:15727:22)
    at workLoopConcurrentByScheduler (webpack-internal:///(app-pages-browser)/./node_modules/.pnpm/next@15.5.21_@opentelemetry+api@1.9.1_@playwright+test@1.60.0_@types+node@22.19.19_reac_f57555baa6effde8efe1c7733fc2c924/node_modules/next/dist/compiled/react-dom/cjs/react-dom-client.development.js:15721:9)
    at renderRootConcurrent (webpack-internal:///(app-pages-browser)/./node_modules/.pnpm/next@15.5.21_@opentelemetry+api@1.9.1_@playwright+test@1.60.0_@types+node@22.19.19_reac_f57555baa6effde8efe1c7733fc2c924/node_modules/next/dist/compiled/react-dom/cjs/react-dom-client.development.js:15696:15)
    at performWorkOnRoot (webpack-internal:///(app-pages-browser)/./node_modules/.pnpm/next@15.5.21_@opentelemetry+api@1.9.1_@playwright+test@1.60.0_@types+node@22.19.19_reac_f57555baa6effde8efe1c7733fc2c924/node_modules/next/dist/compiled/react-dom/cjs/react-dom-client.development.js:14990:13)
    at performWorkOnRootViaSchedulerTask (webpack-internal:///(app-pages-browser)/./node_modules/.pnpm/next@15.5.21_@opentelemetry+api@1.9.1_@playwright+test@1.60.0_@types+node@22.19.19_reac_f57555baa6effde8efe1c7733fc2c924/node_modules/next/dist/compiled/react-dom/cjs/react-dom-client.development.js:16816:7)
    at MessagePort.performWorkUntilDeadline (webpack-internal:///(app-pages-browser)/./node_modules/.pnpm/next@15.5.21_@opentelemetry+api@1.9.1_@playwright+test@1.60.0_@types+node@22.19.19_reac_f57555baa6effde8efe1c7733fc2c924/node_modules/next/dist/compiled/scheduler/cjs/scheduler.development.js:45:48) @ webpack-internal:///(app-pages-browser)/./node_modules/.pnpm/next@15.5.21_@opentelemetry+api@1.9.1_@playwright+test@1.60.0_@types+node@22.19.19_reac_f57555baa6effde8efe1c7733fc2c924/node_modules/next/dist/next-devtools/userspace/app/errors/intercept-console-error.js:56
[ 1152127ms] [ERROR] [dobeu] global error: TypeError: Cannot read properties of undefined (reading 'call')
    at options.factory (http://localhost:3000/_next/static/chunks/webpack.js?v=1791347885540:709:31)
    at __webpack_require__ (http://localhost:3000/_next/static/chunks/webpack.js?v=1791347885540:29:33)
    at fn (http://localhost:3000/_next/static/chunks/webpack.js?v=1791347885540:366:21)
    at requireModule (webpack-internal:///(app-pages-browser)/./node_modules/.pnpm/next@15.5.21_@opentelemetry+api@1.9.1_@playwright+test@1.60.0_@types+node@22.19.19_reac_f57555baa6effde8efe1c7733fc2c924/node_modules/next/dist/compiled/react-server-dom-webpack/cjs/react-server-dom-webpack-client.browser.development.js:100:27)
    at initializeModuleChunk (webpack-internal:///(app-pages-browser)/./node_modules/.pnpm/next@15.5.21_@opentelemetry+api@1.9.1_@playwright+test@1.60.0_@types+node@22.19.19_reac_f57555baa6effde8efe1c7733fc2c924/node_modules/next/dist/compiled/react-server-dom-webpack/cjs/react-server-dom-webpack-client.browser.development.js:1299:21)
    at readChunk (webpack-internal:///(app-pages-browser)/./node_modules/.pnpm/next@15.5.21_@opentelemetry+api@1.9.1_@playwright+test@1.60.0_@types+node@22.19.19_reac_f57555baa6effde8efe1c7733fc2c924/node_modules/next/dist/compiled/react-server-dom-webpack/cjs/react-server-dom-webpack-client.browser.development.js:953:11)
    at Object.react_stack_bottom_frame (webpack-internal:///(app-pages-browser)/./node_modules/.pnpm/next@15.5.21_@opentelemetry+api@1.9.1_@playwright+test@1.60.0_@types+node@22.19.19_reac_f57555baa6effde8efe1c7733fc2c924/node_modules/next/dist/compiled/react-dom/cjs/react-dom-client.development.js:23691:18)
    at resolveLazy (webpack-internal:///(app-pages-browser)/./node_modules/.pnpm/next@15.5.21_@opentelemetry+api@1.9.1_@playwright+test@1.60.0_@types+node@22.19.19_reac_f57555baa6effde8efe1c7733fc2c924/node_modules/next/dist/compiled/react-dom/cjs/react-dom-client.development.js:5177:16)
    at updateElement (webpack-internal:///(app-pages-browser)/./node_modules/.pnpm/next@15.5.21_@opentelemetry+api@1.9.1_@playwright+test@1.60.0_@types+node@22.19.19_reac_f57555baa6effde8efe1c7733fc2c924/node_modules/next/dist/compiled/react-dom/cjs/react-dom-client.development.js:5393:15)
    at updateSlot (webpack-internal:///(app-pages-browser)/./node_modules/.pnpm/next@15.5.21_@opentelemetry+api@1.9.1_@playwright+test@1.60.0_@types+node@22.19.19_reac_f57555baa6effde8efe1c7733fc2c924/node_modules/next/dist/compiled/react-dom/cjs/react-dom-client.development.js:5554:34)
    at reconcileChildrenArray (webpack-internal:///(app-pages-browser)/./node_modules/.pnpm/next@15.5.21_@opentelemetry+api@1.9.1_@playwright+test@1.60.0_@types+node@22.19.19_reac_f57555baa6effde8efe1c7733fc2c924/node_modules/next/dist/compiled/react-dom/cjs/react-dom-client.development.js:5766:26)
    at reconcileChildFibersImpl (webpack-internal:///(app-pages-browser)/./node_modules/.pnpm/next@15.5.21_@opentelemetry+api@1.9.1_@playwright+test@1.60.0_@types+node@22.19.19_reac_f57555baa6effde8efe1c7733fc2c924/node_modules/next/dist/compiled/react-dom/cjs/react-dom-client.development.js:6124:30)
    at eval (webpack-internal:///(app-pages-browser)/./node_modules/.pnpm/next@15.5.21_@opentelemetry+api@1.9.1_@playwright+test@1.60.0_@types+node@22.19.19_reac_f57555baa6effde8efe1c7733fc2c924/node_modules/next/dist/compiled/react-dom/cjs/react-dom-client.development.js:6229:33)
    at reconcileChildren (webpack-internal:///(app-pages-browser)/./node_modules/.pnpm/next@15.5.21_@opentelemetry+api@1.9.1_@playwright+test@1.60.0_@types+node@22.19.19_reac_f57555baa6effde8efe1c7733fc2c924/node_modules/next/dist/compiled/react-dom/cjs/react-dom-client.development.js:8784:13)
    at beginWork (webpack-internal:///(app-pages-browser)/./node_modules/.pnpm/next@15.5.21_@opentelemetry+api@1.9.1_@playwright+test@1.60.0_@types+node@22.19.19_reac_f57555baa6effde8efe1c7733fc2c924/node_modules/next/dist/compiled/react-dom/cjs/react-dom-client.development.js:11206:13)
    at runWithFiberInDEV (webpack-internal:///(app-pages-browser)/./node_modules/.pnpm/next@15.5.21_@opentelemetry+api@1.9.1_@playwright+test@1.60.0_@types+node@22.19.19_reac_f57555baa6effde8efe1c7733fc2c924/node_modules/next/dist/compiled/react-dom/cjs/react-dom-client.development.js:872:30)
    at performUnitOfWork (webpack-internal:///(app-pages-browser)/./node_modules/.pnpm/next@15.5.21_@opentelemetry+api@1.9.1_@playwright+test@1.60.0_@types+node@22.19.19_reac_f57555baa6effde8efe1c7733fc2c924/node_modules/next/dist/compiled/react-dom/cjs/react-dom-client.development.js:15727:22)
    at workLoopConcurrentByScheduler (webpack-internal:///(app-pages-browser)/./node_modules/.pnpm/next@15.5.21_@opentelemetry+api@1.9.1_@playwright+test@1.60.0_@types+node@22.19.19_reac_f57555baa6effde8efe1c7733fc2c924/node_modules/next/dist/compiled/react-dom/cjs/react-dom-client.development.js:15721:9)
    at renderRootConcurrent (webpack-internal:///(app-pages-browser)/./node_modules/.pnpm/next@15.5.21_@opentelemetry+api@1.9.1_@playwright+test@1.60.0_@types+node@22.19.19_reac_f57555baa6effde8efe1c7733fc2c924/node_modules/next/dist/compiled/react-dom/cjs/react-dom-client.development.js:15696:15)
    at performWorkOnRoot (webpack-internal:///(app-pages-browser)/./node_modules/.pnpm/next@15.5.21_@opentelemetry+api@1.9.1_@playwright+test@1.60.0_@types+node@22.19.19_reac_f57555baa6effde8efe1c7733fc2c924/node_modules/next/dist/compiled/react-dom/cjs/react-dom-client.development.js:14990:13)
    at performWorkOnRootViaSchedulerTask (webpack-internal:///(app-pages-browser)/./node_modules/.pnpm/next@15.5.21_@opentelemetry+api@1.9.1_@playwright+test@1.60.0_@types+node@22.19.19_reac_f57555baa6effde8efe1c7733fc2c924/node_modules/next/dist/compiled/react-dom/cjs/react-dom-client.development.js:16816:7)
    at MessagePort.performWorkUntilDeadline (webpack-internal:///(app-pages-browser)/./node_modules/.pnpm/next@15.5.21_@opentelemetry+api@1.9.1_@playwright+test@1.60.0_@types+node@22.19.19_reac_f57555baa6effde8efe1c7733fc2c924/node_modules/next/dist/compiled/scheduler/cjs/scheduler.development.js:45:48) @ webpack-internal:///(app-pages-browser)/./node_modules/.pnpm/next@15.5.21_@opentelemetry+api@1.9.1_@playwright+test@1.60.0_@types+node@22.19.19_reac_f57555baa6effde8efe1c7733fc2c924/node_modules/next/dist/next-devtools/userspace/app/errors/intercept-console-error.js:56
[ 1152142ms] [WARNING] [Fast Refresh] performing full reload because your application had an unrecoverable error @ webpack-internal:///(app-pages-browser)/./node_modules/.pnpm/next@15.5.21_@opentelemetry+api@1.9.1_@playwright+test@1.60.0_@types+node@22.19.19_reac_f57555baa6effde8efe1c7733fc2c924/node_modules/next/dist/client/dev/hot-reloader/app/hot-reloader-app.js:113
[ 1154091ms] [INFO] %cDownload the React DevTools for a better development experience: https://react.dev/link/react-devtools font-weight:bold @ webpack-internal:///(app-pages-browser)/./node_modules/.pnpm/next@15.5.21_@opentelemetry+api@1.9.1_@playwright+test@1.60.0_@types+node@22.19.19_reac_f57555baa6effde8efe1c7733fc2c924/node_modules/next/dist/compiled/react-dom/cjs/react-dom-client.development.js:25630
[ 1155853ms] [LOG] [Fast Refresh] rebuilding @ webpack-internal:///(app-pages-browser)/./node_modules/.pnpm/next@15.5.21_@opentelemetry+api@1.9.1_@playwright+test@1.60.0_@types+node@22.19.19_reac_f57555baa6effde8efe1c7733fc2c924/node_modules/next/dist/client/dev/hot-reloader/app/hot-reloader-app.js:196
[ 1156846ms] [LOG] [Fast Refresh] done in 993ms @ webpack-internal:///(app-pages-browser)/./node_modules/.pnpm/next@15.5.21_@opentelemetry+api@1.9.1_@playwright+test@1.60.0_@types+node@22.19.19_reac_f57555baa6effde8efe1c7733fc2c924/node_modules/next/dist/client/dev/report-hmr-latency.js:13
[ 1171581ms] [LOG] [Fast Refresh] rebuilding @ webpack-internal:///(app-pages-browser)/./node_modules/.pnpm/next@15.5.21_@opentelemetry+api@1.9.1_@playwright+test@1.60.0_@types+node@22.19.19_reac_f57555baa6effde8efe1c7733fc2c924/node_modules/next/dist/client/dev/hot-reloader/app/hot-reloader-app.js:196
[ 1172463ms] [LOG] [Fast Refresh] done in 883ms @ webpack-internal:///(app-pages-browser)/./node_modules/.pnpm/next@15.5.21_@opentelemetry+api@1.9.1_@playwright+test@1.60.0_@types+node@22.19.19_reac_f57555baa6effde8efe1c7733fc2c924/node_modules/next/dist/client/dev/report-hmr-latency.js:13
