[     796ms] [INFO] %cDownload the React DevTools for a better development experience: https://react.dev/link/react-devtools font-weight:bold @ webpack-internal:///(app-pages-browser)/./node_modules/.pnpm/next@15.5.21_@opentelemetry+api@1.9.1_@playwright+test@1.60.0_@types+node@22.19.19_reac_f57555baa6effde8efe1c7733fc2c924/node_modules/next/dist/compiled/react-dom/cjs/react-dom-client.development.js:25630
[   29108ms] [ERROR] Loading the script 'http://localhost:8400/detect.js' violates the following Content Security Policy directive: "script-src 'self' 'unsafe-inline' 'unsafe-eval' https://*.posthog.com https://app.posthog.com https://cdn.mxpnl.com https://*.googletagmanager.com https://www.google-analytics.com https://js.stripe.com https://embed.typeform.com https://*.apollo.io https://assets.calendly.com https://www.datadoghq-browser-agent.com https://va.vercel-scripts.com https://widget.intercom.io https://js.intercomcdn.com https://cdn.amplitude.com". Note that 'script-src-elem' was not explicitly set, so 'script-src' is used as a fallback. The action has been blocked. @ :17
[  213783ms] [INFO] %cDownload the React DevTools for a better development experience: https://react.dev/link/react-devtools font-weight:bold @ webpack-internal:///(app-pages-browser)/./node_modules/.pnpm/next@15.5.21_@opentelemetry+api@1.9.1_@playwright+test@1.60.0_@types+node@22.19.19_reac_f57555baa6effde8efe1c7733fc2c924/node_modules/next/dist/compiled/react-dom/cjs/react-dom-client.development.js:25630
[  269380ms] [INFO] %cDownload the React DevTools for a better development experience: https://react.dev/link/react-devtools font-weight:bold @ webpack-internal:///(app-pages-browser)/./node_modules/.pnpm/next@15.5.21_@opentelemetry+api@1.9.1_@playwright+test@1.60.0_@types+node@22.19.19_reac_f57555baa6effde8efe1c7733fc2c924/node_modules/next/dist/compiled/react-dom/cjs/react-dom-client.development.js:25630
[  311551ms] [INFO] %cDownload the React DevTools for a better development experience: https://react.dev/link/react-devtools font-weight:bold @ webpack-internal:///(app-pages-browser)/./node_modules/.pnpm/next@15.5.21_@opentelemetry+api@1.9.1_@playwright+test@1.60.0_@types+node@22.19.19_reac_f57555baa6effde8efe1c7733fc2c924/node_modules/next/dist/compiled/react-dom/cjs/react-dom-client.development.js:25630
[  404063ms] [WARNING] WebGL: CONTEXT_LOST_WEBGL: loseContext: context lost @ http://127.0.0.1:3000/:0
[  436477ms] [INFO] %cDownload the React DevTools for a better development experience: https://react.dev/link/react-devtools font-weight:bold @ webpack-internal:///(app-pages-browser)/./node_modules/.pnpm/next@15.5.21_@opentelemetry+api@1.9.1_@playwright+test@1.60.0_@types+node@22.19.19_reac_f57555baa6effde8efe1c7733fc2c924/node_modules/next/dist/compiled/react-dom/cjs/react-dom-client.development.js:25630
[ 6303252ms] [LOG] [Fast Refresh] rebuilding @ webpack-internal:///(app-pages-browser)/./node_modules/.pnpm/next@15.5.21_@opentelemetry+api@1.9.1_@playwright+test@1.60.0_@types+node@22.19.19_reac_f57555baa6effde8efe1c7733fc2c924/node_modules/next/dist/client/dev/hot-reloader/app/hot-reloader-app.js:196
[ 6313431ms] [LOG] [Fast Refresh] done in 10181ms @ webpack-internal:///(app-pages-browser)/./node_modules/.pnpm/next@15.5.21_@opentelemetry+api@1.9.1_@playwright+test@1.60.0_@types+node@22.19.19_reac_f57555baa6effde8efe1c7733fc2c924/node_modules/next/dist/client/dev/report-hmr-latency.js:13
[ 6337230ms] [LOG] [Fast Refresh] rebuilding @ webpack-internal:///(app-pages-browser)/./node_modules/.pnpm/next@15.5.21_@opentelemetry+api@1.9.1_@playwright+test@1.60.0_@types+node@22.19.19_reac_f57555baa6effde8efe1c7733fc2c924/node_modules/next/dist/client/dev/hot-reloader/app/hot-reloader-app.js:196
[ 6338284ms] [LOG] [Fast Refresh] rebuilding @ webpack-internal:///(app-pages-browser)/./node_modules/.pnpm/next@15.5.21_@opentelemetry+api@1.9.1_@playwright+test@1.60.0_@types+node@22.19.19_reac_f57555baa6effde8efe1c7733fc2c924/node_modules/next/dist/client/dev/hot-reloader/app/hot-reloader-app.js:196
[ 6338834ms] [ERROR] %o

%s ReferenceError: FOUNDER_STATS is not defined
    at Founder (webpack-internal:///(app-pages-browser)/./components/landing/Founder.tsx:176:39)
    at Object.react_stack_bottom_frame (webpack-internal:///(app-pages-browser)/./node_modules/.pnpm/next@15.5.21_@opentelemetry+api@1.9.1_@playwright+test@1.60.0_@types+node@22.19.19_reac_f57555baa6effde8efe1c7733fc2c924/node_modules/next/dist/compiled/react-dom/cjs/react-dom-client.development.js:23584:20)
    at renderWithHooks (webpack-internal:///(app-pages-browser)/./node_modules/.pnpm/next@15.5.21_@opentelemetry+api@1.9.1_@playwright+test@1.60.0_@types+node@22.19.19_reac_f57555baa6effde8efe1c7733fc2c924/node_modules/next/dist/compiled/react-dom/cjs/react-dom-client.development.js:6793:22)
    at updateFunctionComponent (webpack-internal:///(app-pages-browser)/./node_modules/.pnpm/next@15.5.21_@opentelemetry+api@1.9.1_@playwright+test@1.60.0_@types+node@22.19.19_reac_f57555baa6effde8efe1c7733fc2c924/node_modules/next/dist/compiled/react-dom/cjs/react-dom-client.development.js:9247:19)
    at beginWork (webpack-internal:///(app-pages-browser)/./node_modules/.pnpm/next@15.5.21_@opentelemetry+api@1.9.1_@playwright+test@1.60.0_@types+node@22.19.19_reac_f57555baa6effde8efe1c7733fc2c924/node_modules/next/dist/compiled/react-dom/cjs/react-dom-client.development.js:10858:18)
    at runWithFiberInDEV (webpack-internal:///(app-pages-browser)/./node_modules/.pnpm/next@15.5.21_@opentelemetry+api@1.9.1_@playwright+test@1.60.0_@types+node@22.19.19_reac_f57555baa6effde8efe1c7733fc2c924/node_modules/next/dist/compiled/react-dom/cjs/react-dom-client.development.js:872:30)
    at performUnitOfWork (webpack-internal:///(app-pages-browser)/./node_modules/.pnpm/next@15.5.21_@opentelemetry+api@1.9.1_@playwright+test@1.60.0_@types+node@22.19.19_reac_f57555baa6effde8efe1c7733fc2c924/node_modules/next/dist/compiled/react-dom/cjs/react-dom-client.development.js:15727:22)
    at workLoopSync (webpack-internal:///(app-pages-browser)/./node_modules/.pnpm/next@15.5.21_@opentelemetry+api@1.9.1_@playwright+test@1.60.0_@types+node@22.19.19_reac_f57555baa6effde8efe1c7733fc2c924/node_modules/next/dist/compiled/react-dom/cjs/react-dom-client.development.js:15547:41)
    at renderRootSync (webpack-internal:///(app-pages-browser)/./node_modules/.pnpm/next@15.5.21_@opentelemetry+api@1.9.1_@playwright+test@1.60.0_@types+node@22.19.19_reac_f57555baa6effde8efe1c7733fc2c924/node_modules/next/dist/compiled/react-dom/cjs/react-dom-client.development.js:15527:11)
    at performWorkOnRoot (webpack-internal:///(app-pages-browser)/./node_modules/.pnpm/next@15.5.21_@opentelemetry+api@1.9.1_@playwright+test@1.60.0_@types+node@22.19.19_reac_f57555baa6effde8efe1c7733fc2c924/node_modules/next/dist/compiled/react-dom/cjs/react-dom-client.development.js:15034:44)
    at performSyncWorkOnRoot (webpack-internal:///(app-pages-browser)/./node_modules/.pnpm/next@15.5.21_@opentelemetry+api@1.9.1_@playwright+test@1.60.0_@types+node@22.19.19_reac_f57555baa6effde8efe1c7733fc2c924/node_modules/next/dist/compiled/react-dom/cjs/react-dom-client.development.js:16831:7)
    at flushSyncWorkAcrossRoots_impl (webpack-internal:///(app-pages-browser)/./node_modules/.pnpm/next@15.5.21_@opentelemetry+api@1.9.1_@playwright+test@1.60.0_@types+node@22.19.19_reac_f57555baa6effde8efe1c7733fc2c924/node_modules/next/dist/compiled/react-dom/cjs/react-dom-client.development.js:16677:21)
    at flushSyncWork$1 (webpack-internal:///(app-pages-browser)/./node_modules/.pnpm/next@15.5.21_@opentelemetry+api@1.9.1_@playwright+test@1.60.0_@types+node@22.19.19_reac_f57555baa6effde8efe1c7733fc2c924/node_modules/next/dist/compiled/react-dom/cjs/react-dom-client.development.js:15297:12)
    at Object.scheduleRefresh (webpack-internal:///(app-pages-browser)/./node_modules/.pnpm/next@15.5.21_@opentelemetry+api@1.9.1_@playwright+test@1.60.0_@types+node@22.19.19_reac_f57555baa6effde8efe1c7733fc2c924/node_modules/next/dist/compiled/react-dom/cjs/react-dom-client.development.js:114:9)
    at eval (webpack-internal:///(app-pages-browser)/./node_modules/.pnpm/next@15.5.21_@opentelemetry+api@1.9.1_@playwright+test@1.60.0_@types+node@22.19.19_reac_f57555baa6effde8efe1c7733fc2c924/node_modules/next/dist/compiled/react-refresh/cjs/react-refresh-runtime.development.js:265:17)
    at Set.forEach (<anonymous>)
    at Object.performReactRefresh (webpack-internal:///(app-pages-browser)/./node_modules/.pnpm/next@15.5.21_@opentelemetry+api@1.9.1_@playwright+test@1.60.0_@types+node@22.19.19_reac_f57555baa6effde8efe1c7733fc2c924/node_modules/next/dist/compiled/react-refresh/cjs/react-refresh-runtime.development.js:254:26)
    at applyUpdate (webpack-internal:///(app-pages-browser)/./node_modules/.pnpm/next@15.5.21_@opentelemetry+api@1.9.1_@playwright+test@1.60.0_@types+node@22.19.19_reac_f57555baa6effde8efe1c7733fc2c924/node_modules/next/dist/compiled/@next/react-refresh-utils/dist/internal/helpers.js:139:31)
    at statusHandler (webpack-internal:///(app-pages-browser)/./node_modules/.pnpm/next@15.5.21_@opentelemetry+api@1.9.1_@playwright+test@1.60.0_@types+node@22.19.19_reac_f57555baa6effde8efe1c7733fc2c924/node_modules/next/dist/compiled/@next/react-refresh-utils/dist/internal/helpers.js:156:13)
    at setStatus (http://127.0.0.1:3000/_next/static/chunks/webpack.js?v=1791448097134:503:55)
    at http://127.0.0.1:3000/_next/static/chunks/webpack.js?v=1791448097134:672:21 The above error occurred in the <Founder> component. It was handled by the <ErrorBoundaryHandler> error boundary. @ webpack-internal:///(app-pages-browser)/./node_modules/.pnpm/next@15.5.21_@opentelemetry+api@1.9.1_@playwright+test@1.60.0_@types+node@22.19.19_reac_f57555baa6effde8efe1c7733fc2c924/node_modules/next/dist/client/react-client-callbacks/error-boundary-callbacks.js:67
[ 6338843ms] [ERROR] [dobeu] unhandled error: ReferenceError: FOUNDER_STATS is not defined
    at Founder (webpack-internal:///(app-pages-browser)/./components/landing/Founder.tsx:176:39)
    at Object.react_stack_bottom_frame (webpack-internal:///(app-pages-browser)/./node_modules/.pnpm/next@15.5.21_@opentelemetry+api@1.9.1_@playwright+test@1.60.0_@types+node@22.19.19_reac_f57555baa6effde8efe1c7733fc2c924/node_modules/next/dist/compiled/react-dom/cjs/react-dom-client.development.js:23584:20)
    at renderWithHooks (webpack-internal:///(app-pages-browser)/./node_modules/.pnpm/next@15.5.21_@opentelemetry+api@1.9.1_@playwright+test@1.60.0_@types+node@22.19.19_reac_f57555baa6effde8efe1c7733fc2c924/node_modules/next/dist/compiled/react-dom/cjs/react-dom-client.development.js:6793:22)
    at updateFunctionComponent (webpack-internal:///(app-pages-browser)/./node_modules/.pnpm/next@15.5.21_@opentelemetry+api@1.9.1_@playwright+test@1.60.0_@types+node@22.19.19_reac_f57555baa6effde8efe1c7733fc2c924/node_modules/next/dist/compiled/react-dom/cjs/react-dom-client.development.js:9247:19)
    at beginWork (webpack-internal:///(app-pages-browser)/./node_modules/.pnpm/next@15.5.21_@opentelemetry+api@1.9.1_@playwright+test@1.60.0_@types+node@22.19.19_reac_f57555baa6effde8efe1c7733fc2c924/node_modules/next/dist/compiled/react-dom/cjs/react-dom-client.development.js:10858:18)
    at runWithFiberInDEV (webpack-internal:///(app-pages-browser)/./node_modules/.pnpm/next@15.5.21_@opentelemetry+api@1.9.1_@playwright+test@1.60.0_@types+node@22.19.19_reac_f57555baa6effde8efe1c7733fc2c924/node_modules/next/dist/compiled/react-dom/cjs/react-dom-client.development.js:872:30)
    at performUnitOfWork (webpack-internal:///(app-pages-browser)/./node_modules/.pnpm/next@15.5.21_@opentelemetry+api@1.9.1_@playwright+test@1.60.0_@types+node@22.19.19_reac_f57555baa6effde8efe1c7733fc2c924/node_modules/next/dist/compiled/react-dom/cjs/react-dom-client.development.js:15727:22)
    at workLoopSync (webpack-internal:///(app-pages-browser)/./node_modules/.pnpm/next@15.5.21_@opentelemetry+api@1.9.1_@playwright+test@1.60.0_@types+node@22.19.19_reac_f57555baa6effde8efe1c7733fc2c924/node_modules/next/dist/compiled/react-dom/cjs/react-dom-client.development.js:15547:41)
    at renderRootSync (webpack-internal:///(app-pages-browser)/./node_modules/.pnpm/next@15.5.21_@opentelemetry+api@1.9.1_@playwright+test@1.60.0_@types+node@22.19.19_reac_f57555baa6effde8efe1c7733fc2c924/node_modules/next/dist/compiled/react-dom/cjs/react-dom-client.development.js:15527:11)
    at performWorkOnRoot (webpack-internal:///(app-pages-browser)/./node_modules/.pnpm/next@15.5.21_@opentelemetry+api@1.9.1_@playwright+test@1.60.0_@types+node@22.19.19_reac_f57555baa6effde8efe1c7733fc2c924/node_modules/next/dist/compiled/react-dom/cjs/react-dom-client.development.js:15034:44)
    at performSyncWorkOnRoot (webpack-internal:///(app-pages-browser)/./node_modules/.pnpm/next@15.5.21_@opentelemetry+api@1.9.1_@playwright+test@1.60.0_@types+node@22.19.19_reac_f57555baa6effde8efe1c7733fc2c924/node_modules/next/dist/compiled/react-dom/cjs/react-dom-client.development.js:16831:7)
    at flushSyncWorkAcrossRoots_impl (webpack-internal:///(app-pages-browser)/./node_modules/.pnpm/next@15.5.21_@opentelemetry+api@1.9.1_@playwright+test@1.60.0_@types+node@22.19.19_reac_f57555baa6effde8efe1c7733fc2c924/node_modules/next/dist/compiled/react-dom/cjs/react-dom-client.development.js:16677:21)
    at flushSyncWork$1 (webpack-internal:///(app-pages-browser)/./node_modules/.pnpm/next@15.5.21_@opentelemetry+api@1.9.1_@playwright+test@1.60.0_@types+node@22.19.19_reac_f57555baa6effde8efe1c7733fc2c924/node_modules/next/dist/compiled/react-dom/cjs/react-dom-client.development.js:15297:12)
    at Object.scheduleRefresh (webpack-internal:///(app-pages-browser)/./node_modules/.pnpm/next@15.5.21_@opentelemetry+api@1.9.1_@playwright+test@1.60.0_@types+node@22.19.19_reac_f57555baa6effde8efe1c7733fc2c924/node_modules/next/dist/compiled/react-dom/cjs/react-dom-client.development.js:114:9)
    at eval (webpack-internal:///(app-pages-browser)/./node_modules/.pnpm/next@15.5.21_@opentelemetry+api@1.9.1_@playwright+test@1.60.0_@types+node@22.19.19_reac_f57555baa6effde8efe1c7733fc2c924/node_modules/next/dist/compiled/react-refresh/cjs/react-refresh-runtime.development.js:265:17)
    at Set.forEach (<anonymous>)
    at Object.performReactRefresh (webpack-internal:///(app-pages-browser)/./node_modules/.pnpm/next@15.5.21_@opentelemetry+api@1.9.1_@playwright+test@1.60.0_@types+node@22.19.19_reac_f57555baa6effde8efe1c7733fc2c924/node_modules/next/dist/compiled/react-refresh/cjs/react-refresh-runtime.development.js:254:26)
    at applyUpdate (webpack-internal:///(app-pages-browser)/./node_modules/.pnpm/next@15.5.21_@opentelemetry+api@1.9.1_@playwright+test@1.60.0_@types+node@22.19.19_reac_f57555baa6effde8efe1c7733fc2c924/node_modules/next/dist/compiled/@next/react-refresh-utils/dist/internal/helpers.js:139:31)
    at statusHandler (webpack-internal:///(app-pages-browser)/./node_modules/.pnpm/next@15.5.21_@opentelemetry+api@1.9.1_@playwright+test@1.60.0_@types+node@22.19.19_reac_f57555baa6effde8efe1c7733fc2c924/node_modules/next/dist/compiled/@next/react-refresh-utils/dist/internal/helpers.js:156:13)
    at setStatus (http://127.0.0.1:3000/_next/static/chunks/webpack.js?v=1791448097134:503:55)
    at http://127.0.0.1:3000/_next/static/chunks/webpack.js?v=1791448097134:672:21 @ webpack-internal:///(app-pages-browser)/./node_modules/.pnpm/next@15.5.21_@opentelemetry+api@1.9.1_@playwright+test@1.60.0_@types+node@22.19.19_reac_f57555baa6effde8efe1c7733fc2c924/node_modules/next/dist/next-devtools/userspace/app/errors/intercept-console-error.js:56
[ 6338844ms] [ERROR] [dobeu] unhandled error: ReferenceError: FOUNDER_STATS is not defined
    at Founder (webpack-internal:///(app-pages-browser)/./components/landing/Founder.tsx:176:39)
    at Object.react_stack_bottom_frame (webpack-internal:///(app-pages-browser)/./node_modules/.pnpm/next@15.5.21_@opentelemetry+api@1.9.1_@playwright+test@1.60.0_@types+node@22.19.19_reac_f57555baa6effde8efe1c7733fc2c924/node_modules/next/dist/compiled/react-dom/cjs/react-dom-client.development.js:23584:20)
    at renderWithHooks (webpack-internal:///(app-pages-browser)/./node_modules/.pnpm/next@15.5.21_@opentelemetry+api@1.9.1_@playwright+test@1.60.0_@types+node@22.19.19_reac_f57555baa6effde8efe1c7733fc2c924/node_modules/next/dist/compiled/react-dom/cjs/react-dom-client.development.js:6793:22)
    at updateFunctionComponent (webpack-internal:///(app-pages-browser)/./node_modules/.pnpm/next@15.5.21_@opentelemetry+api@1.9.1_@playwright+test@1.60.0_@types+node@22.19.19_reac_f57555baa6effde8efe1c7733fc2c924/node_modules/next/dist/compiled/react-dom/cjs/react-dom-client.development.js:9247:19)
    at beginWork (webpack-internal:///(app-pages-browser)/./node_modules/.pnpm/next@15.5.21_@opentelemetry+api@1.9.1_@playwright+test@1.60.0_@types+node@22.19.19_reac_f57555baa6effde8efe1c7733fc2c924/node_modules/next/dist/compiled/react-dom/cjs/react-dom-client.development.js:10858:18)
    at runWithFiberInDEV (webpack-internal:///(app-pages-browser)/./node_modules/.pnpm/next@15.5.21_@opentelemetry+api@1.9.1_@playwright+test@1.60.0_@types+node@22.19.19_reac_f57555baa6effde8efe1c7733fc2c924/node_modules/next/dist/compiled/react-dom/cjs/react-dom-client.development.js:872:30)
    at performUnitOfWork (webpack-internal:///(app-pages-browser)/./node_modules/.pnpm/next@15.5.21_@opentelemetry+api@1.9.1_@playwright+test@1.60.0_@types+node@22.19.19_reac_f57555baa6effde8efe1c7733fc2c924/node_modules/next/dist/compiled/react-dom/cjs/react-dom-client.development.js:15727:22)
    at workLoopSync (webpack-internal:///(app-pages-browser)/./node_modules/.pnpm/next@15.5.21_@opentelemetry+api@1.9.1_@playwright+test@1.60.0_@types+node@22.19.19_reac_f57555baa6effde8efe1c7733fc2c924/node_modules/next/dist/compiled/react-dom/cjs/react-dom-client.development.js:15547:41)
    at renderRootSync (webpack-internal:///(app-pages-browser)/./node_modules/.pnpm/next@15.5.21_@opentelemetry+api@1.9.1_@playwright+test@1.60.0_@types+node@22.19.19_reac_f57555baa6effde8efe1c7733fc2c924/node_modules/next/dist/compiled/react-dom/cjs/react-dom-client.development.js:15527:11)
    at performWorkOnRoot (webpack-internal:///(app-pages-browser)/./node_modules/.pnpm/next@15.5.21_@opentelemetry+api@1.9.1_@playwright+test@1.60.0_@types+node@22.19.19_reac_f57555baa6effde8efe1c7733fc2c924/node_modules/next/dist/compiled/react-dom/cjs/react-dom-client.development.js:15034:44)
    at performSyncWorkOnRoot (webpack-internal:///(app-pages-browser)/./node_modules/.pnpm/next@15.5.21_@opentelemetry+api@1.9.1_@playwright+test@1.60.0_@types+node@22.19.19_reac_f57555baa6effde8efe1c7733fc2c924/node_modules/next/dist/compiled/react-dom/cjs/react-dom-client.development.js:16831:7)
    at flushSyncWorkAcrossRoots_impl (webpack-internal:///(app-pages-browser)/./node_modules/.pnpm/next@15.5.21_@opentelemetry+api@1.9.1_@playwright+test@1.60.0_@types+node@22.19.19_reac_f57555baa6effde8efe1c7733fc2c924/node_modules/next/dist/compiled/react-dom/cjs/react-dom-client.development.js:16677:21)
    at flushSyncWork$1 (webpack-internal:///(app-pages-browser)/./node_modules/.pnpm/next@15.5.21_@opentelemetry+api@1.9.1_@playwright+test@1.60.0_@types+node@22.19.19_reac_f57555baa6effde8efe1c7733fc2c924/node_modules/next/dist/compiled/react-dom/cjs/react-dom-client.development.js:15297:12)
    at Object.scheduleRefresh (webpack-internal:///(app-pages-browser)/./node_modules/.pnpm/next@15.5.21_@opentelemetry+api@1.9.1_@playwright+test@1.60.0_@types+node@22.19.19_reac_f57555baa6effde8efe1c7733fc2c924/node_modules/next/dist/compiled/react-dom/cjs/react-dom-client.development.js:114:9)
    at eval (webpack-internal:///(app-pages-browser)/./node_modules/.pnpm/next@15.5.21_@opentelemetry+api@1.9.1_@playwright+test@1.60.0_@types+node@22.19.19_reac_f57555baa6effde8efe1c7733fc2c924/node_modules/next/dist/compiled/react-refresh/cjs/react-refresh-runtime.development.js:265:17)
    at Set.forEach (<anonymous>)
    at Object.performReactRefresh (webpack-internal:///(app-pages-browser)/./node_modules/.pnpm/next@15.5.21_@opentelemetry+api@1.9.1_@playwright+test@1.60.0_@types+node@22.19.19_reac_f57555baa6effde8efe1c7733fc2c924/node_modules/next/dist/compiled/react-refresh/cjs/react-refresh-runtime.development.js:254:26)
    at applyUpdate (webpack-internal:///(app-pages-browser)/./node_modules/.pnpm/next@15.5.21_@opentelemetry+api@1.9.1_@playwright+test@1.60.0_@types+node@22.19.19_reac_f57555baa6effde8efe1c7733fc2c924/node_modules/next/dist/compiled/@next/react-refresh-utils/dist/internal/helpers.js:139:31)
    at statusHandler (webpack-internal:///(app-pages-browser)/./node_modules/.pnpm/next@15.5.21_@opentelemetry+api@1.9.1_@playwright+test@1.60.0_@types+node@22.19.19_reac_f57555baa6effde8efe1c7733fc2c924/node_modules/next/dist/compiled/@next/react-refresh-utils/dist/internal/helpers.js:156:13)
    at setStatus (http://127.0.0.1:3000/_next/static/chunks/webpack.js?v=1791448097134:503:55)
    at http://127.0.0.1:3000/_next/static/chunks/webpack.js?v=1791448097134:672:21 @ webpack-internal:///(app-pages-browser)/./node_modules/.pnpm/next@15.5.21_@opentelemetry+api@1.9.1_@playwright+test@1.60.0_@types+node@22.19.19_reac_f57555baa6effde8efe1c7733fc2c924/node_modules/next/dist/next-devtools/userspace/app/errors/intercept-console-error.js:56
[ 6338844ms] [LOG] [Fast Refresh] done in 560ms @ webpack-internal:///(app-pages-browser)/./node_modules/.pnpm/next@15.5.21_@opentelemetry+api@1.9.1_@playwright+test@1.60.0_@types+node@22.19.19_reac_f57555baa6effde8efe1c7733fc2c924/node_modules/next/dist/client/dev/report-hmr-latency.js:13
[ 6339889ms] [LOG] [Fast Refresh] done in 1605ms @ webpack-internal:///(app-pages-browser)/./node_modules/.pnpm/next@15.5.21_@opentelemetry+api@1.9.1_@playwright+test@1.60.0_@types+node@22.19.19_reac_f57555baa6effde8efe1c7733fc2c924/node_modules/next/dist/client/dev/report-hmr-latency.js:13
[ 6358267ms] [LOG] [Fast Refresh] rebuilding @ webpack-internal:///(app-pages-browser)/./node_modules/.pnpm/next@15.5.21_@opentelemetry+api@1.9.1_@playwright+test@1.60.0_@types+node@22.19.19_reac_f57555baa6effde8efe1c7733fc2c924/node_modules/next/dist/client/dev/hot-reloader/app/hot-reloader-app.js:196
[ 6359414ms] [LOG] [Fast Refresh] done in 1147ms @ webpack-internal:///(app-pages-browser)/./node_modules/.pnpm/next@15.5.21_@opentelemetry+api@1.9.1_@playwright+test@1.60.0_@types+node@22.19.19_reac_f57555baa6effde8efe1c7733fc2c924/node_modules/next/dist/client/dev/report-hmr-latency.js:13
[ 6368227ms] [LOG] [Fast Refresh] rebuilding @ webpack-internal:///(app-pages-browser)/./node_modules/.pnpm/next@15.5.21_@opentelemetry+api@1.9.1_@playwright+test@1.60.0_@types+node@22.19.19_reac_f57555baa6effde8efe1c7733fc2c924/node_modules/next/dist/client/dev/hot-reloader/app/hot-reloader-app.js:196
[ 6368515ms] [LOG] [Fast Refresh] rebuilding @ webpack-internal:///(app-pages-browser)/./node_modules/.pnpm/next@15.5.21_@opentelemetry+api@1.9.1_@playwright+test@1.60.0_@types+node@22.19.19_reac_f57555baa6effde8efe1c7733fc2c924/node_modules/next/dist/client/dev/hot-reloader/app/hot-reloader-app.js:196
[ 6368604ms] [LOG] [Fast Refresh] done in 90ms @ webpack-internal:///(app-pages-browser)/./node_modules/.pnpm/next@15.5.21_@opentelemetry+api@1.9.1_@playwright+test@1.60.0_@types+node@22.19.19_reac_f57555baa6effde8efe1c7733fc2c924/node_modules/next/dist/client/dev/report-hmr-latency.js:13
[ 6369971ms] [WARNING] [Fast Refresh] performing full reload

Fast Refresh will perform a full reload when you edit a file that's imported by modules outside of the React rendering tree.
You might have a file which exports a React component but also exports a value that is imported by a non-React component file.
Consider migrating the non-React component export to a separate file and importing it into both files.

It is also possible the parent component of the component you edited is a class component, which disables Fast Refresh.
Fast Refresh requires at least one parent function component in your React tree. @ webpack-internal:///(app-pages-browser)/./node_modules/.pnpm/next@15.5.21_@opentelemetry+api@1.9.1_@playwright+test@1.60.0_@types+node@22.19.19_reac_f57555baa6effde8efe1c7733fc2c924/node_modules/next/dist/client/dev/hot-reloader/app/hot-reloader-app.js:111
[ 6370590ms] [LOG] [Fast Refresh] rebuilding @ webpack-internal:///(app-pages-browser)/./node_modules/.pnpm/next@15.5.21_@opentelemetry+api@1.9.1_@playwright+test@1.60.0_@types+node@22.19.19_reac_f57555baa6effde8efe1c7733fc2c924/node_modules/next/dist/client/dev/hot-reloader/app/hot-reloader-app.js:196
[ 6375136ms] [INFO] %cDownload the React DevTools for a better development experience: https://react.dev/link/react-devtools font-weight:bold @ webpack-internal:///(app-pages-browser)/./node_modules/.pnpm/next@15.5.21_@opentelemetry+api@1.9.1_@playwright+test@1.60.0_@types+node@22.19.19_reac_f57555baa6effde8efe1c7733fc2c924/node_modules/next/dist/compiled/react-dom/cjs/react-dom-client.development.js:25630
[ 6519184ms] [INFO] %cDownload the React DevTools for a better development experience: https://react.dev/link/react-devtools font-weight:bold @ webpack-internal:///(app-pages-browser)/./node_modules/.pnpm/next@15.5.21_@opentelemetry+api@1.9.1_@playwright+test@1.60.0_@types+node@22.19.19_reac_f57555baa6effde8efe1c7733fc2c924/node_modules/next/dist/compiled/react-dom/cjs/react-dom-client.development.js:25630
[ 6520251ms] [INFO] %cDownload the React DevTools for a better development experience: https://react.dev/link/react-devtools font-weight:bold @ webpack-internal:///(app-pages-browser)/./node_modules/.pnpm/next@15.5.21_@opentelemetry+api@1.9.1_@playwright+test@1.60.0_@types+node@22.19.19_reac_f57555baa6effde8efe1c7733fc2c924/node_modules/next/dist/compiled/react-dom/cjs/react-dom-client.development.js:25630
[ 6743693ms] [LOG] [Fast Refresh] rebuilding @ webpack-internal:///(app-pages-browser)/./node_modules/.pnpm/next@15.5.21_@opentelemetry+api@1.9.1_@playwright+test@1.60.0_@types+node@22.19.19_reac_f57555baa6effde8efe1c7733fc2c924/node_modules/next/dist/client/dev/hot-reloader/app/hot-reloader-app.js:196
[ 6750352ms] [LOG] [Fast Refresh] done in 6660ms @ webpack-internal:///(app-pages-browser)/./node_modules/.pnpm/next@15.5.21_@opentelemetry+api@1.9.1_@playwright+test@1.60.0_@types+node@22.19.19_reac_f57555baa6effde8efe1c7733fc2c924/node_modules/next/dist/client/dev/report-hmr-latency.js:13
[ 6756945ms] [LOG] [Fast Refresh] rebuilding @ webpack-internal:///(app-pages-browser)/./node_modules/.pnpm/next@15.5.21_@opentelemetry+api@1.9.1_@playwright+test@1.60.0_@types+node@22.19.19_reac_f57555baa6effde8efe1c7733fc2c924/node_modules/next/dist/client/dev/hot-reloader/app/hot-reloader-app.js:196
[ 6758995ms] [LOG] [Fast Refresh] done in 2050ms @ webpack-internal:///(app-pages-browser)/./node_modules/.pnpm/next@15.5.21_@opentelemetry+api@1.9.1_@playwright+test@1.60.0_@types+node@22.19.19_reac_f57555baa6effde8efe1c7733fc2c924/node_modules/next/dist/client/dev/report-hmr-latency.js:13
